["event",["start",{"end":"2015-01-22T08:25:00","groups":[487,488,489,484,485,491],"id":100350,"locations":[],"start":"2015-01-22T07:30:00","subject":"BA eksamen","teachers":[]}]]
["event",["start",{"end":"2015-01-22T08:25:00","groups":[517],"id":105978,"locations":["B.101"],"start":"2015-01-22T07:30:00","subject":"Eksamen","teachers":[]}]]
["event",["start",{"end":"2015-01-22T08:25:00","groups":[396],"id":109099,"locations":[],"start":"2015-01-22T07:30:00","subject":"24-timers skr. Modulprøve 4 (prøvedel 2) udarbejdes","teachers":[]}]]
["event",["start",{"end":"2015-01-22T08:25:00","groups":[405],"id":109859,"locations":["Studieadministration"],"start":"2015-01-22T07:30:00","subject":"Trække eksamenscase kl. 09:00 - 09:30","teachers":[]}]]
["event",["start",{"end":"2015-01-22T08:25:00","groups":[374],"id":112328,"locations":["Bevægelse 2"],"start":"2015-01-22T07:30:00","subject":"Modulprøve","teachers":[6]}]]
["event",["start",{"end":"2015-01-22T08:25:00","groups":[372],"id":112415,"locations":["Brikserum C.125"],"start":"2015-01-22T07:30:00","subject":"Modulprøve 2","teachers":[249]}]]
["event",["start",{"end":"2015-01-22T08:25:00","groups":[412,413],"id":113870,"locations":[],"start":"2015-01-22T07:30:00","subject":"Skrive opgave","teachers":[]}]]
["event",["start",{"end":"2015-01-22T08:25:00","groups":[394],"id":115224,"locations":["C.117"],"start":"2015-01-22T07:30:00","subject":"Psykomotorisk teori og metode","teachers":[286]}]]
["event",["start",{"end":"2015-01-22T08:25:00","groups":[390],"id":115398,"locations":[],"start":"2015-01-22T07:30:00","subject":"Studiedag","teachers":[]}]]
["event",["start",{"end":"2015-01-22T08:25:00","groups":[400],"id":116361,"locations":[],"start":"2015-01-22T07:30:00","subject":"Studiedag","teachers":[]}]]
["event",["start",{"end":"2015-01-22T08:25:00","groups":[392],"id":116870,"locations":[],"start":"2015-01-22T07:30:00","subject":"Studiedag","teachers":[]}]]
["event",["start",{"end":"2015-01-22T08:25:00","groups":[409,410],"id":122280,"locations":["C.226"],"start":"2015-01-22T07:30:00","subject":"Modulprøve 10","teachers":[33,34]}]]
["event",["start",{"end":"2015-01-22T08:25:00","groups":[422,423],"id":122619,"locations":["A.101","C.201","C.206"],"start":"2015-01-22T07:30:00","subject":"Trække M7 spørgsmål & Ekstern Prøve jf. oversigt","teachers":[32,21,37]}]]
["event",["start",{"end":"2015-01-22T08:25:00","groups":[405],"id":124829,"locations":[],"start":"2015-01-22T07:30:00","subject":"Ekstern modulprøve 3 (baseret på case trukket dagen i forvejen)","teachers":[36,22,35,25]}]]
["event",["start",{"end":"2015-01-22T08:25:00","groups":[378],"id":127955,"locations":["Brikserum C.129"],"start":"2015-01-22T07:30:00","subject":"Modulprøve fysioterapi","teachers":[56]}]]
["event",["start",{"end":"2015-01-22T08:25:00","groups":[528],"id":142618,"locations":["C.108"],"start":"2015-01-22T07:30:00","subject":"Køn - seksualitet og mangfoldighed","teachers":[86,248]}]]
["event",["start",{"end":"2015-01-22T08:25:00","groups":[529],"id":142801,"locations":["C.116"],"start":"2015-01-22T07:30:00","subject":"Praktikforberedelse","teachers":[88]}]]
["event",["start",{"end":"2015-01-22T08:25:00","groups":[472,473,474,475,479],"id":143372,"locations":["C.101"],"start":"2015-01-22T07:30:00","subject":"Mennesker m. nedsat funktion","teachers":[119]}]]
["event",["start",{"end":"2015-01-22T08:25:00","groups":[456],"id":152416,"locations":["C.230"],"start":"2015-01-22T07:30:00","subject":"Køn - seksualitet og mangfoldighed","teachers":[129]}]]
["event",["start",{"end":"2015-01-22T08:25:00","groups":[494],"id":153116,"locations":["NaturVid. Café C.123"],"start":"2015-01-22T07:30:00","subject":"Lokalereservation","teachers":[]}]]
["event",["start",{"end":"2015-01-22T08:25:00","groups":[467,468],"id":96962,"locations":["VNT A.004"],"start":"2015-01-22T07:30:00","subject":"Værksst/natur/teknik","teachers":[82]}]]
["event",["start",{"end":"2015-01-22T08:25:00","groups":[472,473,474,475,479],"id":98331,"locations":["C.106","C.107"],"start":"2015-01-22T07:30:00","subject":"Vejl. v/specialis.uv","teachers":[91,99]}]]
["event",["start",{"end":"2015-01-22T08:25:00","groups":[457],"id":98714,"locations":["C.208"],"start":"2015-01-22T07:30:00","subject":"Eksamen","teachers":[]}]]
["event",["start",{"end":"2015-01-22T08:25:00","groups":[511],"id":99413,"locations":[],"start":"2015-01-22T07:30:00","subject":"Eksamen","teachers":[]}]]
["event",["start",{"description":"{\n\"groups\": [34,35],\n\"teachers\": [199]\n}","end":"2015-01-22T08:30:00.000Z","groups":[34,35],"id":"cal1","locations":["B.101"],"start":"2015-01-22T07:30:00.000Z","subject":"some class","teachers":[199]}]]
["event",["end",{"end":"2015-01-22T08:25:00","groups":[487,488,489,484,485,491],"id":100350,"locations":[],"start":"2015-01-22T07:30:00","subject":"BA eksamen","teachers":[]}]]
["event",["end",{"end":"2015-01-22T08:25:00","groups":[517],"id":105978,"locations":["B.101"],"start":"2015-01-22T07:30:00","subject":"Eksamen","teachers":[]}]]
["event",["end",{"end":"2015-01-22T08:25:00","groups":[396],"id":109099,"locations":[],"start":"2015-01-22T07:30:00","subject":"24-timers skr. Modulprøve 4 (prøvedel 2) udarbejdes","teachers":[]}]]
["event",["end",{"end":"2015-01-22T08:25:00","groups":[405],"id":109859,"locations":["Studieadministration"],"start":"2015-01-22T07:30:00","subject":"Trække eksamenscase kl. 09:00 - 09:30","teachers":[]}]]
["event",["end",{"end":"2015-01-22T08:25:00","groups":[374],"id":112328,"locations":["Bevægelse 2"],"start":"2015-01-22T07:30:00","subject":"Modulprøve","teachers":[6]}]]
["event",["end",{"end":"2015-01-22T08:25:00","groups":[372],"id":112415,"locations":["Brikserum C.125"],"start":"2015-01-22T07:30:00","subject":"Modulprøve 2","teachers":[249]}]]
["event",["end",{"end":"2015-01-22T08:25:00","groups":[412,413],"id":113870,"locations":[],"start":"2015-01-22T07:30:00","subject":"Skrive opgave","teachers":[]}]]
["event",["end",{"end":"2015-01-22T08:25:00","groups":[394],"id":115224,"locations":["C.117"],"start":"2015-01-22T07:30:00","subject":"Psykomotorisk teori og metode","teachers":[286]}]]
["event",["end",{"end":"2015-01-22T08:25:00","groups":[390],"id":115398,"locations":[],"start":"2015-01-22T07:30:00","subject":"Studiedag","teachers":[]}]]
["event",["end",{"end":"2015-01-22T08:25:00","groups":[400],"id":116361,"locations":[],"start":"2015-01-22T07:30:00","subject":"Studiedag","teachers":[]}]]
["event",["end",{"end":"2015-01-22T08:25:00","groups":[392],"id":116870,"locations":[],"start":"2015-01-22T07:30:00","subject":"Studiedag","teachers":[]}]]
["event",["end",{"end":"2015-01-22T08:25:00","groups":[409,410],"id":122280,"locations":["C.226"],"start":"2015-01-22T07:30:00","subject":"Modulprøve 10","teachers":[33,34]}]]
["event",["end",{"end":"2015-01-22T08:25:00","groups":[422,423],"id":122619,"locations":["A.101","C.201","C.206"],"start":"2015-01-22T07:30:00","subject":"Trække M7 spørgsmål & Ekstern Prøve jf. oversigt","teachers":[32,21,37]}]]
["event",["end",{"end":"2015-01-22T08:25:00","groups":[405],"id":124829,"locations":[],"start":"2015-01-22T07:30:00","subject":"Ekstern modulprøve 3 (baseret på case trukket dagen i forvejen)","teachers":[36,22,35,25]}]]
["event",["end",{"end":"2015-01-22T08:25:00","groups":[378],"id":127955,"locations":["Brikserum C.129"],"start":"2015-01-22T07:30:00","subject":"Modulprøve fysioterapi","teachers":[56]}]]
["event",["end",{"end":"2015-01-22T08:25:00","groups":[528],"id":142618,"locations":["C.108"],"start":"2015-01-22T07:30:00","subject":"Køn - seksualitet og mangfoldighed","teachers":[86,248]}]]
["event",["end",{"end":"2015-01-22T08:25:00","groups":[529],"id":142801,"locations":["C.116"],"start":"2015-01-22T07:30:00","subject":"Praktikforberedelse","teachers":[88]}]]
["event",["end",{"end":"2015-01-22T08:25:00","groups":[472,473,474,475,479],"id":143372,"locations":["C.101"],"start":"2015-01-22T07:30:00","subject":"Mennesker m. nedsat funktion","teachers":[119]}]]
["event",["end",{"end":"2015-01-22T08:25:00","groups":[456],"id":152416,"locations":["C.230"],"start":"2015-01-22T07:30:00","subject":"Køn - seksualitet og mangfoldighed","teachers":[129]}]]
["event",["end",{"end":"2015-01-22T08:25:00","groups":[494],"id":153116,"locations":["NaturVid. Café C.123"],"start":"2015-01-22T07:30:00","subject":"Lokalereservation","teachers":[]}]]
["event",["end",{"end":"2015-01-22T08:25:00","groups":[467,468],"id":96962,"locations":["VNT A.004"],"start":"2015-01-22T07:30:00","subject":"Værksst/natur/teknik","teachers":[82]}]]
["event",["end",{"end":"2015-01-22T08:25:00","groups":[472,473,474,475,479],"id":98331,"locations":["C.106","C.107"],"start":"2015-01-22T07:30:00","subject":"Vejl. v/specialis.uv","teachers":[91,99]}]]
["event",["end",{"end":"2015-01-22T08:25:00","groups":[457],"id":98714,"locations":["C.208"],"start":"2015-01-22T07:30:00","subject":"Eksamen","teachers":[]}]]
["event",["end",{"end":"2015-01-22T08:25:00","groups":[511],"id":99413,"locations":[],"start":"2015-01-22T07:30:00","subject":"Eksamen","teachers":[]}]]
["event",["start",{"end":"2015-01-22T09:20:00","groups":[487,488,489,484,485,491],"id":100351,"locations":[],"start":"2015-01-22T08:25:00","subject":"BA eksamen","teachers":[]}]]
["event",["start",{"end":"2015-01-22T09:20:00","groups":[517],"id":105979,"locations":["B.101"],"start":"2015-01-22T08:25:00","subject":"Eksamen","teachers":[]}]]
["event",["start",{"end":"2015-01-22T09:20:00","groups":[396],"id":109100,"locations":[],"start":"2015-01-22T08:25:00","subject":"24-timers skr. Modulprøve 4 (prøvedel 2) udarbejdes","teachers":[]}]]
["event",["start",{"end":"2015-01-22T09:20:00","groups":[405],"id":109860,"locations":["Studieadministration"],"start":"2015-01-22T08:25:00","subject":"Trække eksamenscase kl. 09:00 - 09:30","teachers":[]}]]
["event",["start",{"end":"2015-01-22T09:20:00","groups":[374],"id":112329,"locations":["Bevægelse 2"],"start":"2015-01-22T08:25:00","subject":"Modulprøve","teachers":[6]}]]
["event",["start",{"end":"2015-01-22T09:20:00","groups":[372],"id":112416,"locations":["Brikserum C.125"],"start":"2015-01-22T08:25:00","subject":"Modulprøve 2","teachers":[249]}]]
["event",["start",{"end":"2015-01-22T09:20:00","groups":[412,413],"id":113871,"locations":[],"start":"2015-01-22T08:25:00","subject":"Skrive opgave","teachers":[]}]]
["event",["start",{"end":"2015-01-22T09:20:00","groups":[394],"id":115225,"locations":["C.117"],"start":"2015-01-22T08:25:00","subject":"Psykomotorisk teori og metode","teachers":[286]}]]
["event",["start",{"end":"2015-01-22T09:20:00","groups":[390],"id":115399,"locations":[],"start":"2015-01-22T08:25:00","subject":"Studiedag","teachers":[]}]]
["event",["start",{"end":"2015-01-22T09:20:00","groups":[400],"id":116362,"locations":[],"start":"2015-01-22T08:25:00","subject":"Studiedag","teachers":[]}]]
["event",["start",{"end":"2015-01-22T09:20:00","groups":[392],"id":116871,"locations":[],"start":"2015-01-22T08:25:00","subject":"Studiedag","teachers":[]}]]
["event",["start",{"end":"2015-01-22T09:20:00","groups":[409,410],"id":122281,"locations":["C.226"],"start":"2015-01-22T08:25:00","subject":"Modulprøve 10","teachers":[33,34]}]]
["event",["start",{"end":"2015-01-22T09:20:00","groups":[422,423],"id":122620,"locations":["A.101","C.201","C.206"],"start":"2015-01-22T08:25:00","subject":"Trække M7 spørgsmål & Ekstern Prøve jf. oversigt","teachers":[32,21,37]}]]
["event",["start",{"end":"2015-01-22T09:20:00","groups":[405],"id":124830,"locations":[],"start":"2015-01-22T08:25:00","subject":"Ekstern modulprøve 3 (baseret på case trukket dagen i forvejen)","teachers":[36,22,35,25]}]]
["event",["start",{"end":"2015-01-22T09:20:00","groups":[378],"id":127956,"locations":["Brikserum C.129"],"start":"2015-01-22T08:25:00","subject":"Modulprøve fysioterapi","teachers":[56]}]]
["event",["start",{"end":"2015-01-22T09:20:00","groups":[528],"id":142619,"locations":["C.108"],"start":"2015-01-22T08:25:00","subject":"Køn - seksualitet og mangfoldighed","teachers":[86,248]}]]
["event",["start",{"end":"2015-01-22T09:20:00","groups":[529],"id":142802,"locations":["C.116"],"start":"2015-01-22T08:25:00","subject":"Praktikforberedelse","teachers":[88]}]]
["event",["start",{"end":"2015-01-22T09:20:00","groups":[472,473,474,475,479],"id":143373,"locations":["C.101"],"start":"2015-01-22T08:25:00","subject":"Mennesker m. nedsat funktion","teachers":[119]}]]
["event",["start",{"end":"2015-01-22T09:20:00","groups":[456],"id":152417,"locations":["C.230"],"start":"2015-01-22T08:25:00","subject":"Køn - seksualitet og mangfoldighed","teachers":[129]}]]
["event",["start",{"end":"2015-01-22T09:20:00","groups":[494],"id":153117,"locations":["NaturVid. Café C.123"],"start":"2015-01-22T08:25:00","subject":"Lokalereservation","teachers":[]}]]
["event",["start",{"end":"2015-01-22T09:20:00","groups":[467,468],"id":96963,"locations":["VNT A.004"],"start":"2015-01-22T08:25:00","subject":"Værksst/natur/teknik","teachers":[82]}]]
["event",["start",{"end":"2015-01-22T09:20:00","groups":[472,473,474,475,479],"id":98332,"locations":["C.106","C.107"],"start":"2015-01-22T08:25:00","subject":"Vejl. v/specialis.uv","teachers":[91,99]}]]
["event",["start",{"end":"2015-01-22T09:20:00","groups":[457],"id":98715,"locations":["C.208"],"start":"2015-01-22T08:25:00","subject":"Eksamen","teachers":[]}]]
["event",["start",{"end":"2015-01-22T09:20:00","groups":[511],"id":99414,"locations":[],"start":"2015-01-22T08:25:00","subject":"Eksamen","teachers":[]}]]
["event",["end",{"description":"{\n\"groups\": [34,35],\n\"teachers\": [199]\n}","end":"2015-01-22T08:30:00.000Z","groups":[34,35],"id":"cal1","locations":["B.101"],"start":"2015-01-22T07:30:00.000Z","subject":"some class","teachers":[199]}]]
["event",["end",{"end":"2015-01-22T09:20:00","groups":[487,488,489,484,485,491],"id":100351,"locations":[],"start":"2015-01-22T08:25:00","subject":"BA eksamen","teachers":[]}]]
["event",["end",{"end":"2015-01-22T09:20:00","groups":[517],"id":105979,"locations":["B.101"],"start":"2015-01-22T08:25:00","subject":"Eksamen","teachers":[]}]]
["event",["end",{"end":"2015-01-22T09:20:00","groups":[396],"id":109100,"locations":[],"start":"2015-01-22T08:25:00","subject":"24-timers skr. Modulprøve 4 (prøvedel 2) udarbejdes","teachers":[]}]]
["event",["end",{"end":"2015-01-22T09:20:00","groups":[405],"id":109860,"locations":["Studieadministration"],"start":"2015-01-22T08:25:00","subject":"Trække eksamenscase kl. 09:00 - 09:30","teachers":[]}]]
["event",["end",{"end":"2015-01-22T09:20:00","groups":[374],"id":112329,"locations":["Bevægelse 2"],"start":"2015-01-22T08:25:00","subject":"Modulprøve","teachers":[6]}]]
["event",["end",{"end":"2015-01-22T09:20:00","groups":[372],"id":112416,"locations":["Brikserum C.125"],"start":"2015-01-22T08:25:00","subject":"Modulprøve 2","teachers":[249]}]]
["event",["end",{"end":"2015-01-22T09:20:00","groups":[412,413],"id":113871,"locations":[],"start":"2015-01-22T08:25:00","subject":"Skrive opgave","teachers":[]}]]
["event",["end",{"end":"2015-01-22T09:20:00","groups":[394],"id":115225,"locations":["C.117"],"start":"2015-01-22T08:25:00","subject":"Psykomotorisk teori og metode","teachers":[286]}]]
["event",["end",{"end":"2015-01-22T09:20:00","groups":[390],"id":115399,"locations":[],"start":"2015-01-22T08:25:00","subject":"Studiedag","teachers":[]}]]
["event",["end",{"end":"2015-01-22T09:20:00","groups":[400],"id":116362,"locations":[],"start":"2015-01-22T08:25:00","subject":"Studiedag","teachers":[]}]]
["event",["end",{"end":"2015-01-22T09:20:00","groups":[392],"id":116871,"locations":[],"start":"2015-01-22T08:25:00","subject":"Studiedag","teachers":[]}]]
["event",["end",{"end":"2015-01-22T09:20:00","groups":[409,410],"id":122281,"locations":["C.226"],"start":"2015-01-22T08:25:00","subject":"Modulprøve 10","teachers":[33,34]}]]
["event",["end",{"end":"2015-01-22T09:20:00","groups":[422,423],"id":122620,"locations":["A.101","C.201","C.206"],"start":"2015-01-22T08:25:00","subject":"Trække M7 spørgsmål & Ekstern Prøve jf. oversigt","teachers":[32,21,37]}]]
["event",["end",{"end":"2015-01-22T09:20:00","groups":[405],"id":124830,"locations":[],"start":"2015-01-22T08:25:00","subject":"Ekstern modulprøve 3 (baseret på case trukket dagen i forvejen)","teachers":[36,22,35,25]}]]
["event",["end",{"end":"2015-01-22T09:20:00","groups":[378],"id":127956,"locations":["Brikserum C.129"],"start":"2015-01-22T08:25:00","subject":"Modulprøve fysioterapi","teachers":[56]}]]
["event",["end",{"end":"2015-01-22T09:20:00","groups":[528],"id":142619,"locations":["C.108"],"start":"2015-01-22T08:25:00","subject":"Køn - seksualitet og mangfoldighed","teachers":[86,248]}]]
["event",["end",{"end":"2015-01-22T09:20:00","groups":[529],"id":142802,"locations":["C.116"],"start":"2015-01-22T08:25:00","subject":"Praktikforberedelse","teachers":[88]}]]
["event",["end",{"end":"2015-01-22T09:20:00","groups":[472,473,474,475,479],"id":143373,"locations":["C.101"],"start":"2015-01-22T08:25:00","subject":"Mennesker m. nedsat funktion","teachers":[119]}]]
["event",["end",{"end":"2015-01-22T09:20:00","groups":[456],"id":152417,"locations":["C.230"],"start":"2015-01-22T08:25:00","subject":"Køn - seksualitet og mangfoldighed","teachers":[129]}]]
["event",["end",{"end":"2015-01-22T09:20:00","groups":[494],"id":153117,"locations":["NaturVid. Café C.123"],"start":"2015-01-22T08:25:00","subject":"Lokalereservation","teachers":[]}]]
["event",["end",{"end":"2015-01-22T09:20:00","groups":[467,468],"id":96963,"locations":["VNT A.004"],"start":"2015-01-22T08:25:00","subject":"Værksst/natur/teknik","teachers":[82]}]]
["event",["end",{"end":"2015-01-22T09:20:00","groups":[472,473,474,475,479],"id":98332,"locations":["C.106","C.107"],"start":"2015-01-22T08:25:00","subject":"Vejl. v/specialis.uv","teachers":[91,99]}]]
["event",["end",{"end":"2015-01-22T09:20:00","groups":[457],"id":98715,"locations":["C.208"],"start":"2015-01-22T08:25:00","subject":"Eksamen","teachers":[]}]]
["event",["end",{"end":"2015-01-22T09:20:00","groups":[511],"id":99414,"locations":[],"start":"2015-01-22T08:25:00","subject":"Eksamen","teachers":[]}]]
["event",["start",{"end":"2015-01-22T10:15:00","groups":[487,488,489,484,485,491],"id":100352,"locations":[],"start":"2015-01-22T09:20:00","subject":"BA eksamen","teachers":[]}]]
["event",["start",{"end":"2015-01-22T10:15:00","groups":[517],"id":105980,"locations":["B.101"],"start":"2015-01-22T09:20:00","subject":"Eksamen","teachers":[]}]]
["event",["start",{"end":"2015-01-22T10:15:00","groups":[396],"id":109101,"locations":[],"start":"2015-01-22T09:20:00","subject":"24-timers skr. Modulprøve 4 (prøvedel 2) udarbejdes","teachers":[]}]]
["event",["start",{"end":"2015-01-22T10:15:00","groups":[374],"id":112330,"locations":["Bevægelse 2"],"start":"2015-01-22T09:20:00","subject":"Modulprøve","teachers":[6]}]]
["event",["start",{"end":"2015-01-22T10:15:00","groups":[372],"id":112417,"locations":["Brikserum C.125"],"start":"2015-01-22T09:20:00","subject":"Modulprøve 2","teachers":[249]}]]
["event",["start",{"end":"2015-01-22T10:15:00","groups":[412,413],"id":113872,"locations":[],"start":"2015-01-22T09:20:00","subject":"Skrive opgave","teachers":[]}]]
["event",["start",{"end":"2015-01-22T10:15:00","groups":[394],"id":115226,"locations":["C.117"],"start":"2015-01-22T09:20:00","subject":"Psykomotorisk teori og metode","teachers":[286]}]]
["event",["start",{"end":"2015-01-22T10:15:00","groups":[390],"id":115400,"locations":[],"start":"2015-01-22T09:20:00","subject":"Studiedag","teachers":[]}]]
["event",["start",{"end":"2015-01-22T10:15:00","groups":[400],"id":116363,"locations":[],"start":"2015-01-22T09:20:00","subject":"Studiedag","teachers":[]}]]
["event",["start",{"end":"2015-01-22T10:15:00","groups":[392],"id":116872,"locations":[],"start":"2015-01-22T09:20:00","subject":"Studiedag","teachers":[]}]]
["event",["start",{"end":"2015-01-22T10:15:00","groups":[409,410],"id":122282,"locations":["C.226"],"start":"2015-01-22T09:20:00","subject":"Modulprøve 10","teachers":[33,34]}]]
["event",["start",{"end":"2015-01-22T10:15:00","groups":[422,423],"id":122621,"locations":["A.101","C.201","C.206"],"start":"2015-01-22T09:20:00","subject":"Trække M7 spørgsmål & Ekstern Prøve jf. oversigt","teachers":[32,21,37]}]]
["event",["start",{"end":"2015-01-22T10:15:00","groups":[405],"id":124831,"locations":[],"start":"2015-01-22T09:20:00","subject":"Ekstern modulprøve 3 (baseret på case trukket dagen i forvejen)","teachers":[36,22,35,25]}]]
["event",["start",{"end":"2015-01-22T10:15:00","groups":[378],"id":127957,"locations":["Brikserum C.129"],"start":"2015-01-22T09:20:00","subject":"Modulprøve fysioterapi","teachers":[56]}]]
["event",["start",{"end":"2015-01-22T10:15:00","groups":[528],"id":142620,"locations":["C.108"],"start":"2015-01-22T09:20:00","subject":"Køn - seksualitet og mangfoldighed","teachers":[86,248]}]]
["event",["start",{"end":"2015-01-22T10:15:00","groups":[529],"id":142803,"locations":["C.116"],"start":"2015-01-22T09:20:00","subject":"Praktikforberedelse","teachers":[88]}]]
["event",["start",{"end":"2015-01-22T10:15:00","groups":[472,473,474,475,479],"id":143374,"locations":["C.101"],"start":"2015-01-22T09:20:00","subject":"Mennesker m. nedsat funktion","teachers":[119]}]]
["event",["start",{"end":"2015-01-22T10:15:00","groups":[456],"id":152418,"locations":["C.230"],"start":"2015-01-22T09:20:00","subject":"Køn - seksualitet og mangfoldighed","teachers":[129]}]]
["event",["start",{"end":"2015-01-22T10:15:00","groups":[467,468],"id":96964,"locations":["VNT A.004"],"start":"2015-01-22T09:20:00","subject":"Værksst/natur/teknik","teachers":[82]}]]
["event",["start",{"end":"2015-01-22T10:15:00","groups":[472,473,474,475,479],"id":98333,"locations":["C.106","C.107"],"start":"2015-01-22T09:20:00","subject":"Vejl. v/specialis.uv","teachers":[91,99]}]]
["event",["start",{"end":"2015-01-22T10:15:00","groups":[457],"id":98716,"locations":["C.208"],"start":"2015-01-22T09:20:00","subject":"Eksamen","teachers":[]}]]
["event",["start",{"end":"2015-01-22T10:15:00","groups":[511],"id":99415,"locations":[],"start":"2015-01-22T09:20:00","subject":"Eksamen","teachers":[]}]]
["event",["end",{"end":"2015-01-22T10:15:00","groups":[487,488,489,484,485,491],"id":100352,"locations":[],"start":"2015-01-22T09:20:00","subject":"BA eksamen","teachers":[]}]]
["event",["end",{"end":"2015-01-22T10:15:00","groups":[517],"id":105980,"locations":["B.101"],"start":"2015-01-22T09:20:00","subject":"Eksamen","teachers":[]}]]
["event",["end",{"end":"2015-01-22T10:15:00","groups":[396],"id":109101,"locations":[],"start":"2015-01-22T09:20:00","subject":"24-timers skr. Modulprøve 4 (prøvedel 2) udarbejdes","teachers":[]}]]
["event",["end",{"end":"2015-01-22T10:15:00","groups":[374],"id":112330,"locations":["Bevægelse 2"],"start":"2015-01-22T09:20:00","subject":"Modulprøve","teachers":[6]}]]
["event",["end",{"end":"2015-01-22T10:15:00","groups":[372],"id":112417,"locations":["Brikserum C.125"],"start":"2015-01-22T09:20:00","subject":"Modulprøve 2","teachers":[249]}]]
["event",["end",{"end":"2015-01-22T10:15:00","groups":[412,413],"id":113872,"locations":[],"start":"2015-01-22T09:20:00","subject":"Skrive opgave","teachers":[]}]]
["event",["end",{"end":"2015-01-22T10:15:00","groups":[394],"id":115226,"locations":["C.117"],"start":"2015-01-22T09:20:00","subject":"Psykomotorisk teori og metode","teachers":[286]}]]
["event",["end",{"end":"2015-01-22T10:15:00","groups":[390],"id":115400,"locations":[],"start":"2015-01-22T09:20:00","subject":"Studiedag","teachers":[]}]]
["event",["end",{"end":"2015-01-22T10:15:00","groups":[400],"id":116363,"locations":[],"start":"2015-01-22T09:20:00","subject":"Studiedag","teachers":[]}]]
["event",["end",{"end":"2015-01-22T10:15:00","groups":[392],"id":116872,"locations":[],"start":"2015-01-22T09:20:00","subject":"Studiedag","teachers":[]}]]
["event",["end",{"end":"2015-01-22T10:15:00","groups":[409,410],"id":122282,"locations":["C.226"],"start":"2015-01-22T09:20:00","subject":"Modulprøve 10","teachers":[33,34]}]]
["event",["end",{"end":"2015-01-22T10:15:00","groups":[422,423],"id":122621,"locations":["A.101","C.201","C.206"],"start":"2015-01-22T09:20:00","subject":"Trække M7 spørgsmål & Ekstern Prøve jf. oversigt","teachers":[32,21,37]}]]
["event",["end",{"end":"2015-01-22T10:15:00","groups":[405],"id":124831,"locations":[],"start":"2015-01-22T09:20:00","subject":"Ekstern modulprøve 3 (baseret på case trukket dagen i forvejen)","teachers":[36,22,35,25]}]]
["event",["end",{"end":"2015-01-22T10:15:00","groups":[378],"id":127957,"locations":["Brikserum C.129"],"start":"2015-01-22T09:20:00","subject":"Modulprøve fysioterapi","teachers":[56]}]]
["event",["end",{"end":"2015-01-22T10:15:00","groups":[528],"id":142620,"locations":["C.108"],"start":"2015-01-22T09:20:00","subject":"Køn - seksualitet og mangfoldighed","teachers":[86,248]}]]
["event",["end",{"end":"2015-01-22T10:15:00","groups":[529],"id":142803,"locations":["C.116"],"start":"2015-01-22T09:20:00","subject":"Praktikforberedelse","teachers":[88]}]]
["event",["end",{"end":"2015-01-22T10:15:00","groups":[472,473,474,475,479],"id":143374,"locations":["C.101"],"start":"2015-01-22T09:20:00","subject":"Mennesker m. nedsat funktion","teachers":[119]}]]
["event",["end",{"end":"2015-01-22T10:15:00","groups":[456],"id":152418,"locations":["C.230"],"start":"2015-01-22T09:20:00","subject":"Køn - seksualitet og mangfoldighed","teachers":[129]}]]
["event",["end",{"end":"2015-01-22T10:15:00","groups":[467,468],"id":96964,"locations":["VNT A.004"],"start":"2015-01-22T09:20:00","subject":"Værksst/natur/teknik","teachers":[82]}]]
["event",["end",{"end":"2015-01-22T10:15:00","groups":[472,473,474,475,479],"id":98333,"locations":["C.106","C.107"],"start":"2015-01-22T09:20:00","subject":"Vejl. v/specialis.uv","teachers":[91,99]}]]
["event",["end",{"end":"2015-01-22T10:15:00","groups":[457],"id":98716,"locations":["C.208"],"start":"2015-01-22T09:20:00","subject":"Eksamen","teachers":[]}]]
["event",["end",{"end":"2015-01-22T10:15:00","groups":[511],"id":99415,"locations":[],"start":"2015-01-22T09:20:00","subject":"Eksamen","teachers":[]}]]
["event",["start",{"end":"2015-01-22T11:10:00","groups":[487,488,489,484,485,491],"id":100353,"locations":[],"start":"2015-01-22T10:15:00","subject":"BA eksamen","teachers":[]}]]
["event",["start",{"end":"2015-01-22T11:10:00","groups":[517],"id":105981,"locations":["B.101"],"start":"2015-01-22T10:15:00","subject":"Eksamen","teachers":[]}]]
["event",["start",{"end":"2015-01-22T11:10:00","groups":[398],"id":108992,"locations":[],"start":"2015-01-22T10:15:00","subject":"Aflevere Modulprøve senest kl.12","teachers":[]}]]
["event",["start",{"end":"2015-01-22T11:10:00","groups":[396],"id":109102,"locations":[],"start":"2015-01-22T10:15:00","subject":"Aflevere Modulprøve 4 (prøvedel 2) kl. 12:00","teachers":[]}]]
["event",["start",{"end":"2015-01-22T11:10:00","groups":[374],"id":112331,"locations":["Bevægelse 2"],"start":"2015-01-22T10:15:00","subject":"Modulprøve","teachers":[6]}]]
["event",["start",{"end":"2015-01-22T11:10:00","groups":[372],"id":112418,"locations":["Brikserum C.125"],"start":"2015-01-22T10:15:00","subject":"Modulprøve 2","teachers":[249]}]]
["event",["start",{"end":"2015-01-22T11:10:00","groups":[412,413],"id":113873,"locations":[],"start":"2015-01-22T10:15:00","subject":"Skrive opgave","teachers":[]}]]
["event",["start",{"end":"2015-01-22T11:10:00","groups":[390],"id":115401,"locations":[],"start":"2015-01-22T10:15:00","subject":"Studiedag","teachers":[]}]]
["event",["start",{"end":"2015-01-22T11:10:00","groups":[400],"id":116364,"locations":[],"start":"2015-01-22T10:15:00","subject":"Studiedag","teachers":[]}]]
["event",["start",{"end":"2015-01-22T11:10:00","groups":[392],"id":116873,"locations":[],"start":"2015-01-22T10:15:00","subject":"Studiedag","teachers":[]}]]
["event",["start",{"end":"2015-01-22T11:10:00","groups":[409,410],"id":122283,"locations":["C.226"],"start":"2015-01-22T10:15:00","subject":"Modulprøve 10","teachers":[33,34]}]]
["event",["start",{"end":"2015-01-22T11:10:00","groups":[422,423],"id":122622,"locations":["A.101","C.201","C.206"],"start":"2015-01-22T10:15:00","subject":"Trække M7 spørgsmål & Ekstern Prøve jf. oversigt","teachers":[32,21,37]}]]
["event",["start",{"end":"2015-01-22T11:10:00","groups":[405],"id":124832,"locations":[],"start":"2015-01-22T10:15:00","subject":"Ekstern modulprøve 3 (baseret på case trukket dagen i forvejen)","teachers":[36,22,35,25]}]]
["event",["start",{"end":"2015-01-22T11:10:00","groups":[378],"id":127958,"locations":["Brikserum C.129"],"start":"2015-01-22T10:15:00","subject":"Modulprøve fysioterapi","teachers":[56]}]]
["event",["start",{"end":"2015-01-22T11:10:00","groups":[528],"id":142621,"locations":["C.108"],"start":"2015-01-22T10:15:00","subject":"Køn - seksualitet og mangfoldighed","teachers":[86,248]}]]
["event",["start",{"end":"2015-01-22T11:10:00","groups":[529],"id":142804,"locations":["C.116"],"start":"2015-01-22T10:15:00","subject":"Praktikforberedelse","teachers":[88]}]]
["event",["start",{"end":"2015-01-22T11:10:00","groups":[472,473,474,475,479],"id":143375,"locations":["C.101"],"start":"2015-01-22T10:15:00","subject":"Mennesker m. nedsat funktion","teachers":[119]}]]
["event",["start",{"end":"2015-01-22T11:10:00","groups":[456],"id":152419,"locations":["C.230"],"start":"2015-01-22T10:15:00","subject":"Køn - seksualitet og mangfoldighed","teachers":[129]}]]
["event",["start",{"end":"2015-01-22T11:10:00","groups":[467,468],"id":96965,"locations":["VNT A.004"],"start":"2015-01-22T10:15:00","subject":"Værksst/natur/teknik","teachers":[82]}]]
["event",["start",{"end":"2015-01-22T11:10:00","groups":[472,473,474,475,479],"id":98334,"locations":["C.106","C.107"],"start":"2015-01-22T10:15:00","subject":"Vejl. v/specialis.uv","teachers":[91,99]}]]
["event",["start",{"end":"2015-01-22T11:10:00","groups":[457],"id":98717,"locations":["C.208"],"start":"2015-01-22T10:15:00","subject":"Eksamen","teachers":[]}]]
["event",["start",{"end":"2015-01-22T11:10:00","groups":[511],"id":99416,"locations":[],"start":"2015-01-22T10:15:00","subject":"Eksamen","teachers":[]}]]
["event",["end",{"end":"2015-01-22T11:10:00","groups":[487,488,489,484,485,491],"id":100353,"locations":[],"start":"2015-01-22T10:15:00","subject":"BA eksamen","teachers":[]}]]
["event",["end",{"end":"2015-01-22T11:10:00","groups":[517],"id":105981,"locations":["B.101"],"start":"2015-01-22T10:15:00","subject":"Eksamen","teachers":[]}]]
["event",["end",{"end":"2015-01-22T11:10:00","groups":[398],"id":108992,"locations":[],"start":"2015-01-22T10:15:00","subject":"Aflevere Modulprøve senest kl.12","teachers":[]}]]
["event",["end",{"end":"2015-01-22T11:10:00","groups":[396],"id":109102,"locations":[],"start":"2015-01-22T10:15:00","subject":"Aflevere Modulprøve 4 (prøvedel 2) kl. 12:00","teachers":[]}]]
["event",["end",{"end":"2015-01-22T11:10:00","groups":[374],"id":112331,"locations":["Bevægelse 2"],"start":"2015-01-22T10:15:00","subject":"Modulprøve","teachers":[6]}]]
["event",["end",{"end":"2015-01-22T11:10:00","groups":[372],"id":112418,"locations":["Brikserum C.125"],"start":"2015-01-22T10:15:00","subject":"Modulprøve 2","teachers":[249]}]]
["event",["end",{"end":"2015-01-22T11:10:00","groups":[412,413],"id":113873,"locations":[],"start":"2015-01-22T10:15:00","subject":"Skrive opgave","teachers":[]}]]
["event",["end",{"end":"2015-01-22T11:10:00","groups":[390],"id":115401,"locations":[],"start":"2015-01-22T10:15:00","subject":"Studiedag","teachers":[]}]]
["event",["end",{"end":"2015-01-22T11:10:00","groups":[400],"id":116364,"locations":[],"start":"2015-01-22T10:15:00","subject":"Studiedag","teachers":[]}]]
["event",["end",{"end":"2015-01-22T11:10:00","groups":[392],"id":116873,"locations":[],"start":"2015-01-22T10:15:00","subject":"Studiedag","teachers":[]}]]
["event",["end",{"end":"2015-01-22T11:10:00","groups":[409,410],"id":122283,"locations":["C.226"],"start":"2015-01-22T10:15:00","subject":"Modulprøve 10","teachers":[33,34]}]]
["event",["end",{"end":"2015-01-22T11:10:00","groups":[422,423],"id":122622,"locations":["A.101","C.201","C.206"],"start":"2015-01-22T10:15:00","subject":"Trække M7 spørgsmål & Ekstern Prøve jf. oversigt","teachers":[32,21,37]}]]
["event",["end",{"end":"2015-01-22T11:10:00","groups":[405],"id":124832,"locations":[],"start":"2015-01-22T10:15:00","subject":"Ekstern modulprøve 3 (baseret på case trukket dagen i forvejen)","teachers":[36,22,35,25]}]]
["event",["end",{"end":"2015-01-22T11:10:00","groups":[378],"id":127958,"locations":["Brikserum C.129"],"start":"2015-01-22T10:15:00","subject":"Modulprøve fysioterapi","teachers":[56]}]]
["event",["end",{"end":"2015-01-22T11:10:00","groups":[528],"id":142621,"locations":["C.108"],"start":"2015-01-22T10:15:00","subject":"Køn - seksualitet og mangfoldighed","teachers":[86,248]}]]
["event",["end",{"end":"2015-01-22T11:10:00","groups":[529],"id":142804,"locations":["C.116"],"start":"2015-01-22T10:15:00","subject":"Praktikforberedelse","teachers":[88]}]]
["event",["end",{"end":"2015-01-22T11:10:00","groups":[472,473,474,475,479],"id":143375,"locations":["C.101"],"start":"2015-01-22T10:15:00","subject":"Mennesker m. nedsat funktion","teachers":[119]}]]
["event",["end",{"end":"2015-01-22T11:10:00","groups":[456],"id":152419,"locations":["C.230"],"start":"2015-01-22T10:15:00","subject":"Køn - seksualitet og mangfoldighed","teachers":[129]}]]
["event",["end",{"end":"2015-01-22T11:10:00","groups":[467,468],"id":96965,"locations":["VNT A.004"],"start":"2015-01-22T10:15:00","subject":"Værksst/natur/teknik","teachers":[82]}]]
["event",["end",{"end":"2015-01-22T11:10:00","groups":[472,473,474,475,479],"id":98334,"locations":["C.106","C.107"],"start":"2015-01-22T10:15:00","subject":"Vejl. v/specialis.uv","teachers":[91,99]}]]
["event",["end",{"end":"2015-01-22T11:10:00","groups":[457],"id":98717,"locations":["C.208"],"start":"2015-01-22T10:15:00","subject":"Eksamen","teachers":[]}]]
["event",["end",{"end":"2015-01-22T11:10:00","groups":[511],"id":99416,"locations":[],"start":"2015-01-22T10:15:00","subject":"Eksamen","teachers":[]}]]
["event",["start",{"end":"2015-01-22T12:05:00","groups":[442],"id":100061,"locations":["Teatersal C.024"],"start":"2015-01-22T11:10:00","subject":"BDS forberede Dimission","teachers":[]}]]
["event",["start",{"end":"2015-01-22T12:05:00","groups":[487,488,489,484,485,491],"id":100354,"locations":[],"start":"2015-01-22T11:10:00","subject":"BA eksamen","teachers":[]}]]
["event",["start",{"end":"2015-01-22T12:05:00","groups":[517],"id":105982,"locations":["B.101"],"start":"2015-01-22T11:10:00","subject":"Eksamen","teachers":[]}]]
["event",["start",{"end":"2015-01-22T12:05:00","groups":[374],"id":112332,"locations":["Bevægelse 2"],"start":"2015-01-22T11:10:00","subject":"Modulprøve","teachers":[6]}]]
["event",["start",{"end":"2015-01-22T12:05:00","groups":[372],"id":112419,"locations":["Brikserum C.125"],"start":"2015-01-22T11:10:00","subject":"Modulprøve 2","teachers":[249]}]]
["event",["start",{"end":"2015-01-22T12:05:00","groups":[412,413],"id":113874,"locations":[],"start":"2015-01-22T11:10:00","subject":"Skrive opgave","teachers":[]}]]
["event",["start",{"end":"2015-01-22T12:05:00","groups":[394],"id":115227,"locations":["C.117"],"start":"2015-01-22T11:10:00","subject":"Psykomotorisk teori og metode","teachers":[286]}]]
["event",["start",{"end":"2015-01-22T12:05:00","groups":[390],"id":115402,"locations":[],"start":"2015-01-22T11:10:00","subject":"Studiedag","teachers":[]}]]
["event",["start",{"end":"2015-01-22T12:05:00","groups":[400],"id":116365,"locations":[],"start":"2015-01-22T11:10:00","subject":"Studiedag","teachers":[]}]]
["event",["start",{"end":"2015-01-22T12:05:00","groups":[392],"id":116874,"locations":[],"start":"2015-01-22T11:10:00","subject":"Studiedag","teachers":[]}]]
["event",["start",{"end":"2015-01-22T12:05:00","groups":[409,410],"id":122284,"locations":["C.226"],"start":"2015-01-22T11:10:00","subject":"Modulprøve 10","teachers":[33,34]}]]
["event",["start",{"end":"2015-01-22T12:05:00","groups":[422,423],"id":122623,"locations":["A.101","C.201","C.206"],"start":"2015-01-22T11:10:00","subject":"Trække M7 spørgsmål & Ekstern Prøve jf. oversigt","teachers":[32,21,37]}]]
["event",["start",{"end":"2015-01-22T12:05:00","groups":[405],"id":124833,"locations":[],"start":"2015-01-22T11:10:00","subject":"Ekstern modulprøve 3 (baseret på case trukket dagen i forvejen)","teachers":[36,22,35,25]}]]
["event",["start",{"end":"2015-01-22T12:05:00","groups":[378],"id":127959,"locations":["Brikserum C.129"],"start":"2015-01-22T11:10:00","subject":"Modulprøve fysioterapi","teachers":[56]}]]
["event",["start",{"end":"2015-01-22T12:05:00","groups":[529],"id":129063,"locations":["C.106"],"start":"2015-01-22T11:10:00","subject":"Køn - seksualitet og mangfoldighed","teachers":[128]}]]
["event",["start",{"end":"2015-01-22T12:05:00","groups":[528],"id":142622,"locations":["C.108"],"start":"2015-01-22T11:10:00","subject":"Køn - seksualitet og mangfoldighed","teachers":[86,248]}]]
["event",["start",{"end":"2015-01-22T12:05:00","groups":[467,468],"id":96966,"locations":["VNT A.004"],"start":"2015-01-22T11:10:00","subject":"Værksst/natur/teknik","teachers":[82]}]]
["event",["start",{"end":"2015-01-22T12:05:00","groups":[457],"id":98718,"locations":["C.208"],"start":"2015-01-22T11:10:00","subject":"Eksamen","teachers":[]}]]
["event",["start",{"end":"2015-01-22T12:05:00","groups":[511],"id":99417,"locations":[],"start":"2015-01-22T11:10:00","subject":"Eksamen","teachers":[]}]]
["event",["end",{"end":"2015-01-22T12:05:00","groups":[442],"id":100061,"locations":["Teatersal C.024"],"start":"2015-01-22T11:10:00","subject":"BDS forberede Dimission","teachers":[]}]]
["event",["end",{"end":"2015-01-22T12:05:00","groups":[487,488,489,484,485,491],"id":100354,"locations":[],"start":"2015-01-22T11:10:00","subject":"BA eksamen","teachers":[]}]]
["event",["end",{"end":"2015-01-22T12:05:00","groups":[517],"id":105982,"locations":["B.101"],"start":"2015-01-22T11:10:00","subject":"Eksamen","teachers":[]}]]
["event",["end",{"end":"2015-01-22T12:05:00","groups":[374],"id":112332,"locations":["Bevægelse 2"],"start":"2015-01-22T11:10:00","subject":"Modulprøve","teachers":[6]}]]
["event",["end",{"end":"2015-01-22T12:05:00","groups":[372],"id":112419,"locations":["Brikserum C.125"],"start":"2015-01-22T11:10:00","subject":"Modulprøve 2","teachers":[249]}]]
["event",["end",{"end":"2015-01-22T12:05:00","groups":[412,413],"id":113874,"locations":[],"start":"2015-01-22T11:10:00","subject":"Skrive opgave","teachers":[]}]]
["event",["end",{"end":"2015-01-22T12:05:00","groups":[394],"id":115227,"locations":["C.117"],"start":"2015-01-22T11:10:00","subject":"Psykomotorisk teori og metode","teachers":[286]}]]
["event",["end",{"end":"2015-01-22T12:05:00","groups":[390],"id":115402,"locations":[],"start":"2015-01-22T11:10:00","subject":"Studiedag","teachers":[]}]]
["event",["end",{"end":"2015-01-22T12:05:00","groups":[400],"id":116365,"locations":[],"start":"2015-01-22T11:10:00","subject":"Studiedag","teachers":[]}]]
["event",["end",{"end":"2015-01-22T12:05:00","groups":[392],"id":116874,"locations":[],"start":"2015-01-22T11:10:00","subject":"Studiedag","teachers":[]}]]
["event",["end",{"end":"2015-01-22T12:05:00","groups":[409,410],"id":122284,"locations":["C.226"],"start":"2015-01-22T11:10:00","subject":"Modulprøve 10","teachers":[33,34]}]]
["event",["end",{"end":"2015-01-22T12:05:00","groups":[422,423],"id":122623,"locations":["A.101","C.201","C.206"],"start":"2015-01-22T11:10:00","subject":"Trække M7 spørgsmål & Ekstern Prøve jf. oversigt","teachers":[32,21,37]}]]
["event",["end",{"end":"2015-01-22T12:05:00","groups":[405],"id":124833,"locations":[],"start":"2015-01-22T11:10:00","subject":"Ekstern modulprøve 3 (baseret på case trukket dagen i forvejen)","teachers":[36,22,35,25]}]]
["event",["end",{"end":"2015-01-22T12:05:00","groups":[378],"id":127959,"locations":["Brikserum C.129"],"start":"2015-01-22T11:10:00","subject":"Modulprøve fysioterapi","teachers":[56]}]]
["event",["end",{"end":"2015-01-22T12:05:00","groups":[529],"id":129063,"locations":["C.106"],"start":"2015-01-22T11:10:00","subject":"Køn - seksualitet og mangfoldighed","teachers":[128]}]]
["event",["end",{"end":"2015-01-22T12:05:00","groups":[528],"id":142622,"locations":["C.108"],"start":"2015-01-22T11:10:00","subject":"Køn - seksualitet og mangfoldighed","teachers":[86,248]}]]
["event",["end",{"end":"2015-01-22T12:05:00","groups":[467,468],"id":96966,"locations":["VNT A.004"],"start":"2015-01-22T11:10:00","subject":"Værksst/natur/teknik","teachers":[82]}]]
["event",["end",{"end":"2015-01-22T12:05:00","groups":[457],"id":98718,"locations":["C.208"],"start":"2015-01-22T11:10:00","subject":"Eksamen","teachers":[]}]]
["event",["end",{"end":"2015-01-22T12:05:00","groups":[511],"id":99417,"locations":[],"start":"2015-01-22T11:10:00","subject":"Eksamen","teachers":[]}]]
["event",["start",{"end":"2015-01-22T13:00:00","groups":[442],"id":100062,"locations":["Teatersal C.024"],"start":"2015-01-22T12:05:00","subject":"BDS forberede Dimission","teachers":[]}]]
["event",["start",{"end":"2015-01-22T13:00:00","groups":[487,488,489,484,485,491],"id":100355,"locations":[],"start":"2015-01-22T12:05:00","subject":"BA eksamen","teachers":[]}]]
["event",["start",{"end":"2015-01-22T13:00:00","groups":[517],"id":105983,"locations":["B.101"],"start":"2015-01-22T12:05:00","subject":"Eksamen","teachers":[]}]]
["event",["start",{"end":"2015-01-22T13:00:00","groups":[374],"id":112333,"locations":["Bevægelse 2"],"start":"2015-01-22T12:05:00","subject":"Modulprøve","teachers":[6]}]]
["event",["start",{"end":"2015-01-22T13:00:00","groups":[372],"id":112420,"locations":["Brikserum C.125"],"start":"2015-01-22T12:05:00","subject":"Modulprøve 2","teachers":[249]}]]
["event",["start",{"end":"2015-01-22T13:00:00","groups":[412,413],"id":113875,"locations":[],"start":"2015-01-22T12:05:00","subject":"Skrive opgave","teachers":[]}]]
["event",["start",{"end":"2015-01-22T13:00:00","groups":[394],"id":115228,"locations":["C.117"],"start":"2015-01-22T12:05:00","subject":"Psykomotorisk teori og metode","teachers":[286]}]]
["event",["start",{"end":"2015-01-22T13:00:00","groups":[390],"id":115403,"locations":[],"start":"2015-01-22T12:05:00","subject":"Studiedag","teachers":[]}]]
["event",["start",{"end":"2015-01-22T13:00:00","groups":[400],"id":116366,"locations":[],"start":"2015-01-22T12:05:00","subject":"Studiedag","teachers":[]}]]
["event",["start",{"end":"2015-01-22T13:00:00","groups":[392],"id":116875,"locations":[],"start":"2015-01-22T12:05:00","subject":"Studiedag","teachers":[]}]]
["event",["start",{"end":"2015-01-22T13:00:00","groups":[409,410],"id":122285,"locations":["C.226"],"start":"2015-01-22T12:05:00","subject":"Modulprøve 10","teachers":[33,34]}]]
["event",["start",{"end":"2015-01-22T13:00:00","groups":[422,423],"id":122624,"locations":["A.101","C.201","C.206"],"start":"2015-01-22T12:05:00","subject":"Trække M7 spørgsmål & Ekstern Prøve jf. oversigt","teachers":[32,21,37]}]]
["event",["start",{"end":"2015-01-22T13:00:00","groups":[405],"id":124834,"locations":[],"start":"2015-01-22T12:05:00","subject":"Ekstern modulprøve 3 (baseret på case trukket dagen i forvejen)","teachers":[36,22,35,25]}]]
["event",["start",{"end":"2015-01-22T13:00:00","groups":[378],"id":127960,"locations":["Brikserum C.129"],"start":"2015-01-22T12:05:00","subject":"Modulprøve fysioterapi","teachers":[56]}]]
["event",["start",{"end":"2015-01-22T13:00:00","groups":[529],"id":129064,"locations":["C.106"],"start":"2015-01-22T12:05:00","subject":"Køn - seksualitet og mangfoldighed","teachers":[128]}]]
["event",["start",{"end":"2015-01-22T13:00:00","groups":[528],"id":142623,"locations":["C.108"],"start":"2015-01-22T12:05:00","subject":"Køn - seksualitet og mangfoldighed","teachers":[86,248]}]]
["event",["start",{"end":"2015-01-22T13:00:00","groups":[],"id":89365,"locations":[],"start":"2015-01-22T12:05:00","subject":"Dimmision SPL kl 13-15","teachers":[29]}]]
["event",["start",{"end":"2015-01-22T13:00:00","groups":[],"id":89369,"locations":[],"start":"2015-01-22T12:05:00","subject":"Dimmision SPL kl 13-15","teachers":[27]}]]
["event",["start",{"end":"2015-01-22T13:00:00","groups":[],"id":89371,"locations":[],"start":"2015-01-22T12:05:00","subject":"Dimmision SPL kl 13-15","teachers":[23]}]]
["event",["start",{"end":"2015-01-22T13:00:00","groups":[],"id":89373,"locations":[],"start":"2015-01-22T12:05:00","subject":"Dimmision SPL kl 13-15","teachers":[19]}]]
["event",["start",{"end":"2015-01-22T13:00:00","groups":[],"id":89375,"locations":[],"start":"2015-01-22T12:05:00","subject":"Dimmision SPL kl 13-15","teachers":[20]}]]
["event",["start",{"end":"2015-01-22T13:00:00","groups":[],"id":89377,"locations":[],"start":"2015-01-22T12:05:00","subject":"Dimmision SPL kl 13-15","teachers":[26]}]]
["event",["start",{"end":"2015-01-22T13:00:00","groups":[],"id":89379,"locations":[],"start":"2015-01-22T12:05:00","subject":"Dimmision SPL kl 13-15","teachers":[24]}]]
["event",["start",{"end":"2015-01-22T13:00:00","groups":[],"id":89381,"locations":[],"start":"2015-01-22T12:05:00","subject":"Dimmision SPL kl 13-15","teachers":[62]}]]
["event",["start",{"end":"2015-01-22T13:00:00","groups":[],"id":89383,"locations":[],"start":"2015-01-22T12:05:00","subject":"Dimmision SPL kl 13-15","teachers":[36]}]]
["event",["start",{"end":"2015-01-22T13:00:00","groups":[],"id":89385,"locations":[],"start":"2015-01-22T12:05:00","subject":"Dimmision SPL kl 13-15","teachers":[17]}]]
["event",["start",{"end":"2015-01-22T13:00:00","groups":[],"id":89387,"locations":[],"start":"2015-01-22T12:05:00","subject":"Dimmision SPL kl 13-15","teachers":[31]}]]
["event",["start",{"end":"2015-01-22T13:00:00","groups":[],"id":89389,"locations":[],"start":"2015-01-22T12:05:00","subject":"Dimmision SPL kl 13-15","teachers":[22]}]]
["event",["start",{"end":"2015-01-22T13:00:00","groups":[],"id":89391,"locations":[],"start":"2015-01-22T12:05:00","subject":"Dimmision SPL kl 13-15","teachers":[35]}]]
["event",["start",{"end":"2015-01-22T13:00:00","groups":[],"id":89393,"locations":[],"start":"2015-01-22T12:05:00","subject":"Dimmision SPL kl 13-15","teachers":[40]}]]
["event",["start",{"end":"2015-01-22T13:00:00","groups":[403],"id":89395,"locations":[],"start":"2015-01-22T12:05:00","subject":"Dimmision SPL kl 13-15","teachers":[18]}]]
["event",["start",{"end":"2015-01-22T13:00:00","groups":[],"id":89397,"locations":[],"start":"2015-01-22T12:05:00","subject":"Dimmision SPL kl 13-15","teachers":[156]}]]
["event",["start",{"end":"2015-01-22T13:00:00","groups":[],"id":89399,"locations":[],"start":"2015-01-22T12:05:00","subject":"Dimmision SPL kl 13-15","teachers":[37]}]]
["event",["start",{"end":"2015-01-22T13:00:00","groups":[],"id":89401,"locations":[],"start":"2015-01-22T12:05:00","subject":"Dimmision SPL kl 13-15","teachers":[25]}]]
["event",["start",{"end":"2015-01-22T13:00:00","groups":[],"id":89403,"locations":[],"start":"2015-01-22T12:05:00","subject":"Dimmision SPL kl 13-15","teachers":[157]}]]
["event",["start",{"end":"2015-01-22T13:00:00","groups":[],"id":89405,"locations":[],"start":"2015-01-22T12:05:00","subject":"Dimmision SPL kl 13-15","teachers":[212]}]]
["event",["start",{"end":"2015-01-22T13:00:00","groups":[],"id":89407,"locations":[],"start":"2015-01-22T12:05:00","subject":"Dimmision SPL kl 13-15","teachers":[215]}]]
["event",["start",{"end":"2015-01-22T13:00:00","groups":[457],"id":98719,"locations":["C.208"],"start":"2015-01-22T12:05:00","subject":"Eksamen","teachers":[]}]]
["event",["start",{"end":"2015-01-22T13:00:00","groups":[511],"id":99418,"locations":[],"start":"2015-01-22T12:05:00","subject":"Eksamen","teachers":[]}]]
["event",["end",{"end":"2015-01-22T13:00:00","groups":[442],"id":100062,"locations":["Teatersal C.024"],"start":"2015-01-22T12:05:00","subject":"BDS forberede Dimission","teachers":[]}]]
["event",["end",{"end":"2015-01-22T13:00:00","groups":[487,488,489,484,485,491],"id":100355,"locations":[],"start":"2015-01-22T12:05:00","subject":"BA eksamen","teachers":[]}]]
["event",["end",{"end":"2015-01-22T13:00:00","groups":[517],"id":105983,"locations":["B.101"],"start":"2015-01-22T12:05:00","subject":"Eksamen","teachers":[]}]]
["event",["end",{"end":"2015-01-22T13:00:00","groups":[374],"id":112333,"locations":["Bevægelse 2"],"start":"2015-01-22T12:05:00","subject":"Modulprøve","teachers":[6]}]]
["event",["end",{"end":"2015-01-22T13:00:00","groups":[372],"id":112420,"locations":["Brikserum C.125"],"start":"2015-01-22T12:05:00","subject":"Modulprøve 2","teachers":[249]}]]
["event",["end",{"end":"2015-01-22T13:00:00","groups":[412,413],"id":113875,"locations":[],"start":"2015-01-22T12:05:00","subject":"Skrive opgave","teachers":[]}]]
["event",["end",{"end":"2015-01-22T13:00:00","groups":[394],"id":115228,"locations":["C.117"],"start":"2015-01-22T12:05:00","subject":"Psykomotorisk teori og metode","teachers":[286]}]]
["event",["end",{"end":"2015-01-22T13:00:00","groups":[390],"id":115403,"locations":[],"start":"2015-01-22T12:05:00","subject":"Studiedag","teachers":[]}]]
["event",["end",{"end":"2015-01-22T13:00:00","groups":[400],"id":116366,"locations":[],"start":"2015-01-22T12:05:00","subject":"Studiedag","teachers":[]}]]
["event",["end",{"end":"2015-01-22T13:00:00","groups":[392],"id":116875,"locations":[],"start":"2015-01-22T12:05:00","subject":"Studiedag","teachers":[]}]]
["event",["end",{"end":"2015-01-22T13:00:00","groups":[409,410],"id":122285,"locations":["C.226"],"start":"2015-01-22T12:05:00","subject":"Modulprøve 10","teachers":[33,34]}]]
["event",["end",{"end":"2015-01-22T13:00:00","groups":[422,423],"id":122624,"locations":["A.101","C.201","C.206"],"start":"2015-01-22T12:05:00","subject":"Trække M7 spørgsmål & Ekstern Prøve jf. oversigt","teachers":[32,21,37]}]]
["event",["end",{"end":"2015-01-22T13:00:00","groups":[405],"id":124834,"locations":[],"start":"2015-01-22T12:05:00","subject":"Ekstern modulprøve 3 (baseret på case trukket dagen i forvejen)","teachers":[36,22,35,25]}]]
["event",["end",{"end":"2015-01-22T13:00:00","groups":[378],"id":127960,"locations":["Brikserum C.129"],"start":"2015-01-22T12:05:00","subject":"Modulprøve fysioterapi","teachers":[56]}]]
["event",["end",{"end":"2015-01-22T13:00:00","groups":[529],"id":129064,"locations":["C.106"],"start":"2015-01-22T12:05:00","subject":"Køn - seksualitet og mangfoldighed","teachers":[128]}]]
["event",["end",{"end":"2015-01-22T13:00:00","groups":[528],"id":142623,"locations":["C.108"],"start":"2015-01-22T12:05:00","subject":"Køn - seksualitet og mangfoldighed","teachers":[86,248]}]]
["event",["end",{"end":"2015-01-22T13:00:00","groups":[],"id":89365,"locations":[],"start":"2015-01-22T12:05:00","subject":"Dimmision SPL kl 13-15","teachers":[29]}]]
["event",["end",{"end":"2015-01-22T13:00:00","groups":[],"id":89369,"locations":[],"start":"2015-01-22T12:05:00","subject":"Dimmision SPL kl 13-15","teachers":[27]}]]
["event",["end",{"end":"2015-01-22T13:00:00","groups":[],"id":89371,"locations":[],"start":"2015-01-22T12:05:00","subject":"Dimmision SPL kl 13-15","teachers":[23]}]]
["event",["end",{"end":"2015-01-22T13:00:00","groups":[],"id":89373,"locations":[],"start":"2015-01-22T12:05:00","subject":"Dimmision SPL kl 13-15","teachers":[19]}]]
["event",["end",{"end":"2015-01-22T13:00:00","groups":[],"id":89375,"locations":[],"start":"2015-01-22T12:05:00","subject":"Dimmision SPL kl 13-15","teachers":[20]}]]
["event",["end",{"end":"2015-01-22T13:00:00","groups":[],"id":89377,"locations":[],"start":"2015-01-22T12:05:00","subject":"Dimmision SPL kl 13-15","teachers":[26]}]]
["event",["end",{"end":"2015-01-22T13:00:00","groups":[],"id":89379,"locations":[],"start":"2015-01-22T12:05:00","subject":"Dimmision SPL kl 13-15","teachers":[24]}]]
["event",["end",{"end":"2015-01-22T13:00:00","groups":[],"id":89381,"locations":[],"start":"2015-01-22T12:05:00","subject":"Dimmision SPL kl 13-15","teachers":[62]}]]
["event",["end",{"end":"2015-01-22T13:00:00","groups":[],"id":89383,"locations":[],"start":"2015-01-22T12:05:00","subject":"Dimmision SPL kl 13-15","teachers":[36]}]]
["event",["end",{"end":"2015-01-22T13:00:00","groups":[],"id":89385,"locations":[],"start":"2015-01-22T12:05:00","subject":"Dimmision SPL kl 13-15","teachers":[17]}]]
["event",["end",{"end":"2015-01-22T13:00:00","groups":[],"id":89387,"locations":[],"start":"2015-01-22T12:05:00","subject":"Dimmision SPL kl 13-15","teachers":[31]}]]
["event",["end",{"end":"2015-01-22T13:00:00","groups":[],"id":89389,"locations":[],"start":"2015-01-22T12:05:00","subject":"Dimmision SPL kl 13-15","teachers":[22]}]]
["event",["end",{"end":"2015-01-22T13:00:00","groups":[],"id":89391,"locations":[],"start":"2015-01-22T12:05:00","subject":"Dimmision SPL kl 13-15","teachers":[35]}]]
["event",["end",{"end":"2015-01-22T13:00:00","groups":[],"id":89393,"locations":[],"start":"2015-01-22T12:05:00","subject":"Dimmision SPL kl 13-15","teachers":[40]}]]
["event",["end",{"end":"2015-01-22T13:00:00","groups":[403],"id":89395,"locations":[],"start":"2015-01-22T12:05:00","subject":"Dimmision SPL kl 13-15","teachers":[18]}]]
["event",["end",{"end":"2015-01-22T13:00:00","groups":[],"id":89397,"locations":[],"start":"2015-01-22T12:05:00","subject":"Dimmision SPL kl 13-15","teachers":[156]}]]
["event",["end",{"end":"2015-01-22T13:00:00","groups":[],"id":89399,"locations":[],"start":"2015-01-22T12:05:00","subject":"Dimmision SPL kl 13-15","teachers":[37]}]]
["event",["end",{"end":"2015-01-22T13:00:00","groups":[],"id":89401,"locations":[],"start":"2015-01-22T12:05:00","subject":"Dimmision SPL kl 13-15","teachers":[25]}]]
["event",["end",{"end":"2015-01-22T13:00:00","groups":[],"id":89403,"locations":[],"start":"2015-01-22T12:05:00","subject":"Dimmision SPL kl 13-15","teachers":[157]}]]
["event",["end",{"end":"2015-01-22T13:00:00","groups":[],"id":89405,"locations":[],"start":"2015-01-22T12:05:00","subject":"Dimmision SPL kl 13-15","teachers":[212]}]]
["event",["end",{"end":"2015-01-22T13:00:00","groups":[],"id":89407,"locations":[],"start":"2015-01-22T12:05:00","subject":"Dimmision SPL kl 13-15","teachers":[215]}]]
["event",["end",{"end":"2015-01-22T13:00:00","groups":[457],"id":98719,"locations":["C.208"],"start":"2015-01-22T12:05:00","subject":"Eksamen","teachers":[]}]]
["event",["end",{"end":"2015-01-22T13:00:00","groups":[511],"id":99418,"locations":[],"start":"2015-01-22T12:05:00","subject":"Eksamen","teachers":[]}]]
["event",["start",{"end":"2015-01-22T13:55:00","groups":[442],"id":100063,"locations":["Teatersal C.024"],"start":"2015-01-22T13:00:00","subject":"BDS forberede Dimission","teachers":[]}]]
["event",["start",{"end":"2015-01-22T13:55:00","groups":[487,488,489,484,485,491],"id":100356,"locations":[],"start":"2015-01-22T13:00:00","subject":"BA eksamen","teachers":[]}]]
["event",["start",{"end":"2015-01-22T13:55:00","groups":[517],"id":105984,"locations":["B.101"],"start":"2015-01-22T13:00:00","subject":"Eksamen","teachers":[]}]]
["event",["start",{"end":"2015-01-22T13:55:00","groups":[374],"id":112334,"locations":["Bevægelse 2"],"start":"2015-01-22T13:00:00","subject":"Modulprøve","teachers":[6]}]]
["event",["start",{"end":"2015-01-22T13:55:00","groups":[372],"id":112421,"locations":["Brikserum C.125"],"start":"2015-01-22T13:00:00","subject":"Modulprøve 2","teachers":[249]}]]
["event",["start",{"end":"2015-01-22T13:55:00","groups":[412,413],"id":113876,"locations":[],"start":"2015-01-22T13:00:00","subject":"Skrive opgave","teachers":[]}]]
["event",["start",{"end":"2015-01-22T13:55:00","groups":[394],"id":115229,"locations":["C.117"],"start":"2015-01-22T13:00:00","subject":"Psykomotorisk teori og metode","teachers":[286]}]]
["event",["start",{"end":"2015-01-22T13:55:00","groups":[390],"id":115404,"locations":[],"start":"2015-01-22T13:00:00","subject":"Studiedag","teachers":[]}]]
["event",["start",{"end":"2015-01-22T13:55:00","groups":[400],"id":116367,"locations":[],"start":"2015-01-22T13:00:00","subject":"Studiedag","teachers":[]}]]
["event",["start",{"end":"2015-01-22T13:55:00","groups":[392],"id":116876,"locations":[],"start":"2015-01-22T13:00:00","subject":"Studiedag","teachers":[]}]]
["event",["start",{"end":"2015-01-22T13:55:00","groups":[409,410],"id":122286,"locations":["C.226"],"start":"2015-01-22T13:00:00","subject":"Modulprøve 10","teachers":[33,34]}]]
["event",["start",{"end":"2015-01-22T13:55:00","groups":[422,423],"id":122625,"locations":["A.101","C.201","C.206"],"start":"2015-01-22T13:00:00","subject":"Trække M7 spørgsmål & Ekstern Prøve jf. oversigt","teachers":[32,21,37]}]]
["event",["start",{"end":"2015-01-22T13:55:00","groups":[405],"id":124835,"locations":[],"start":"2015-01-22T13:00:00","subject":"Ekstern modulprøve 3 (baseret på case trukket dagen i forvejen)","teachers":[36,22,35,25]}]]
["event",["start",{"end":"2015-01-22T13:55:00","groups":[378],"id":127961,"locations":["Brikserum C.129"],"start":"2015-01-22T13:00:00","subject":"Modulprøve fysioterapi","teachers":[56]}]]
["event",["start",{"end":"2015-01-22T13:55:00","groups":[529],"id":129065,"locations":["C.106"],"start":"2015-01-22T13:00:00","subject":"Køn - seksualitet og mangfoldighed","teachers":[128]}]]
["event",["start",{"end":"2015-01-22T13:55:00","groups":[],"id":89366,"locations":[],"start":"2015-01-22T13:00:00","subject":"Dimmision SPL kl 13-15","teachers":[29]}]]
["event",["start",{"end":"2015-01-22T13:55:00","groups":[],"id":89370,"locations":[],"start":"2015-01-22T13:00:00","subject":"Dimmision SPL kl 13-15","teachers":[27]}]]
["event",["start",{"end":"2015-01-22T13:55:00","groups":[],"id":89372,"locations":[],"start":"2015-01-22T13:00:00","subject":"Dimmision SPL kl 13-15","teachers":[23]}]]
["event",["start",{"end":"2015-01-22T13:55:00","groups":[],"id":89374,"locations":[],"start":"2015-01-22T13:00:00","subject":"Dimmision SPL kl 13-15","teachers":[19]}]]
["event",["start",{"end":"2015-01-22T13:55:00","groups":[],"id":89376,"locations":[],"start":"2015-01-22T13:00:00","subject":"Dimmision SPL kl 13-15","teachers":[20]}]]
["event",["start",{"end":"2015-01-22T13:55:00","groups":[],"id":89378,"locations":[],"start":"2015-01-22T13:00:00","subject":"Dimmision SPL kl 13-15","teachers":[26]}]]
["event",["start",{"end":"2015-01-22T13:55:00","groups":[],"id":89380,"locations":[],"start":"2015-01-22T13:00:00","subject":"Dimmision SPL kl 13-15","teachers":[24]}]]
["event",["start",{"end":"2015-01-22T13:55:00","groups":[],"id":89382,"locations":[],"start":"2015-01-22T13:00:00","subject":"Dimmision SPL kl 13-15","teachers":[62]}]]
["event",["start",{"end":"2015-01-22T13:55:00","groups":[],"id":89384,"locations":[],"start":"2015-01-22T13:00:00","subject":"Dimmision SPL kl 13-15","teachers":[36]}]]
["event",["start",{"end":"2015-01-22T13:55:00","groups":[],"id":89386,"locations":[],"start":"2015-01-22T13:00:00","subject":"Dimmision SPL kl 13-15","teachers":[17]}]]
["event",["start",{"end":"2015-01-22T13:55:00","groups":[],"id":89388,"locations":[],"start":"2015-01-22T13:00:00","subject":"Dimmision SPL kl 13-15","teachers":[31]}]]
["event",["start",{"end":"2015-01-22T13:55:00","groups":[],"id":89390,"locations":[],"start":"2015-01-22T13:00:00","subject":"Dimmision SPL kl 13-15","teachers":[22]}]]
["event",["start",{"end":"2015-01-22T13:55:00","groups":[],"id":89392,"locations":[],"start":"2015-01-22T13:00:00","subject":"Dimmision SPL kl 13-15","teachers":[35]}]]
["event",["start",{"end":"2015-01-22T13:55:00","groups":[],"id":89394,"locations":[],"start":"2015-01-22T13:00:00","subject":"Dimmision SPL kl 13-15","teachers":[40]}]]
["event",["start",{"end":"2015-01-22T13:55:00","groups":[403],"id":89396,"locations":[],"start":"2015-01-22T13:00:00","subject":"Dimmision SPL kl 13-15","teachers":[18]}]]
["event",["start",{"end":"2015-01-22T13:55:00","groups":[],"id":89398,"locations":[],"start":"2015-01-22T13:00:00","subject":"Dimmision SPL kl 13-15","teachers":[156]}]]
["event",["start",{"end":"2015-01-22T13:55:00","groups":[],"id":89400,"locations":[],"start":"2015-01-22T13:00:00","subject":"Dimmision SPL kl 13-15","teachers":[37]}]]
["event",["start",{"end":"2015-01-22T13:55:00","groups":[],"id":89402,"locations":[],"start":"2015-01-22T13:00:00","subject":"Dimmision SPL kl 13-15","teachers":[25]}]]
["event",["start",{"end":"2015-01-22T13:55:00","groups":[],"id":89404,"locations":[],"start":"2015-01-22T13:00:00","subject":"Dimmision SPL kl 13-15","teachers":[157]}]]
["event",["start",{"end":"2015-01-22T13:55:00","groups":[],"id":89406,"locations":[],"start":"2015-01-22T13:00:00","subject":"Dimmision SPL kl 13-15","teachers":[212]}]]
["event",["start",{"end":"2015-01-22T13:55:00","groups":[],"id":89408,"locations":[],"start":"2015-01-22T13:00:00","subject":"Dimmision SPL kl 13-15","teachers":[215]}]]
["event",["start",{"end":"2015-01-22T13:55:00","groups":[393],"id":89584,"locations":["Teatersal C.024"],"start":"2015-01-22T13:00:00","subject":"Dimmision PMU kl 14:00 - 16:00","teachers":[]}]]
["event",["start",{"end":"2015-01-22T13:55:00","groups":[457],"id":98720,"locations":["C.208"],"start":"2015-01-22T13:00:00","subject":"Eksamen","teachers":[]}]]
["event",["start",{"end":"2015-01-22T13:55:00","groups":[511],"id":99419,"locations":[],"start":"2015-01-22T13:00:00","subject":"Eksamen","teachers":[]}]]
["event",["end",{"end":"2015-01-22T13:55:00","groups":[442],"id":100063,"locations":["Teatersal C.024"],"start":"2015-01-22T13:00:00","subject":"BDS forberede Dimission","teachers":[]}]]
["event",["end",{"end":"2015-01-22T13:55:00","groups":[487,488,489,484,485,491],"id":100356,"locations":[],"start":"2015-01-22T13:00:00","subject":"BA eksamen","teachers":[]}]]
["event",["end",{"end":"2015-01-22T13:55:00","groups":[517],"id":105984,"locations":["B.101"],"start":"2015-01-22T13:00:00","subject":"Eksamen","teachers":[]}]]
["event",["end",{"end":"2015-01-22T13:55:00","groups":[374],"id":112334,"locations":["Bevægelse 2"],"start":"2015-01-22T13:00:00","subject":"Modulprøve","teachers":[6]}]]
["event",["end",{"end":"2015-01-22T13:55:00","groups":[372],"id":112421,"locations":["Brikserum C.125"],"start":"2015-01-22T13:00:00","subject":"Modulprøve 2","teachers":[249]}]]
["event",["end",{"end":"2015-01-22T13:55:00","groups":[412,413],"id":113876,"locations":[],"start":"2015-01-22T13:00:00","subject":"Skrive opgave","teachers":[]}]]
["event",["end",{"end":"2015-01-22T13:55:00","groups":[394],"id":115229,"locations":["C.117"],"start":"2015-01-22T13:00:00","subject":"Psykomotorisk teori og metode","teachers":[286]}]]
["event",["end",{"end":"2015-01-22T13:55:00","groups":[390],"id":115404,"locations":[],"start":"2015-01-22T13:00:00","subject":"Studiedag","teachers":[]}]]
["event",["end",{"end":"2015-01-22T13:55:00","groups":[400],"id":116367,"locations":[],"start":"2015-01-22T13:00:00","subject":"Studiedag","teachers":[]}]]
["event",["end",{"end":"2015-01-22T13:55:00","groups":[392],"id":116876,"locations":[],"start":"2015-01-22T13:00:00","subject":"Studiedag","teachers":[]}]]
["event",["end",{"end":"2015-01-22T13:55:00","groups":[409,410],"id":122286,"locations":["C.226"],"start":"2015-01-22T13:00:00","subject":"Modulprøve 10","teachers":[33,34]}]]
["event",["end",{"end":"2015-01-22T13:55:00","groups":[422,423],"id":122625,"locations":["A.101","C.201","C.206"],"start":"2015-01-22T13:00:00","subject":"Trække M7 spørgsmål & Ekstern Prøve jf. oversigt","teachers":[32,21,37]}]]
["event",["end",{"end":"2015-01-22T13:55:00","groups":[405],"id":124835,"locations":[],"start":"2015-01-22T13:00:00","subject":"Ekstern modulprøve 3 (baseret på case trukket dagen i forvejen)","teachers":[36,22,35,25]}]]
["event",["end",{"end":"2015-01-22T13:55:00","groups":[378],"id":127961,"locations":["Brikserum C.129"],"start":"2015-01-22T13:00:00","subject":"Modulprøve fysioterapi","teachers":[56]}]]
["event",["end",{"end":"2015-01-22T13:55:00","groups":[529],"id":129065,"locations":["C.106"],"start":"2015-01-22T13:00:00","subject":"Køn - seksualitet og mangfoldighed","teachers":[128]}]]
["event",["end",{"end":"2015-01-22T13:55:00","groups":[],"id":89366,"locations":[],"start":"2015-01-22T13:00:00","subject":"Dimmision SPL kl 13-15","teachers":[29]}]]
["event",["end",{"end":"2015-01-22T13:55:00","groups":[],"id":89370,"locations":[],"start":"2015-01-22T13:00:00","subject":"Dimmision SPL kl 13-15","teachers":[27]}]]
["event",["end",{"end":"2015-01-22T13:55:00","groups":[],"id":89372,"locations":[],"start":"2015-01-22T13:00:00","subject":"Dimmision SPL kl 13-15","teachers":[23]}]]
["event",["end",{"end":"2015-01-22T13:55:00","groups":[],"id":89374,"locations":[],"start":"2015-01-22T13:00:00","subject":"Dimmision SPL kl 13-15","teachers":[19]}]]
["event",["end",{"end":"2015-01-22T13:55:00","groups":[],"id":89376,"locations":[],"start":"2015-01-22T13:00:00","subject":"Dimmision SPL kl 13-15","teachers":[20]}]]
["event",["end",{"end":"2015-01-22T13:55:00","groups":[],"id":89378,"locations":[],"start":"2015-01-22T13:00:00","subject":"Dimmision SPL kl 13-15","teachers":[26]}]]
["event",["end",{"end":"2015-01-22T13:55:00","groups":[],"id":89380,"locations":[],"start":"2015-01-22T13:00:00","subject":"Dimmision SPL kl 13-15","teachers":[24]}]]
["event",["end",{"end":"2015-01-22T13:55:00","groups":[],"id":89382,"locations":[],"start":"2015-01-22T13:00:00","subject":"Dimmision SPL kl 13-15","teachers":[62]}]]
["event",["end",{"end":"2015-01-22T13:55:00","groups":[],"id":89384,"locations":[],"start":"2015-01-22T13:00:00","subject":"Dimmision SPL kl 13-15","teachers":[36]}]]
["event",["end",{"end":"2015-01-22T13:55:00","groups":[],"id":89386,"locations":[],"start":"2015-01-22T13:00:00","subject":"Dimmision SPL kl 13-15","teachers":[17]}]]
["event",["end",{"end":"2015-01-22T13:55:00","groups":[],"id":89388,"locations":[],"start":"2015-01-22T13:00:00","subject":"Dimmision SPL kl 13-15","teachers":[31]}]]
["event",["end",{"end":"2015-01-22T13:55:00","groups":[],"id":89390,"locations":[],"start":"2015-01-22T13:00:00","subject":"Dimmision SPL kl 13-15","teachers":[22]}]]
["event",["end",{"end":"2015-01-22T13:55:00","groups":[],"id":89392,"locations":[],"start":"2015-01-22T13:00:00","subject":"Dimmision SPL kl 13-15","teachers":[35]}]]
["event",["end",{"end":"2015-01-22T13:55:00","groups":[],"id":89394,"locations":[],"start":"2015-01-22T13:00:00","subject":"Dimmision SPL kl 13-15","teachers":[40]}]]
["event",["end",{"end":"2015-01-22T13:55:00","groups":[403],"id":89396,"locations":[],"start":"2015-01-22T13:00:00","subject":"Dimmision SPL kl 13-15","teachers":[18]}]]
["event",["end",{"end":"2015-01-22T13:55:00","groups":[],"id":89398,"locations":[],"start":"2015-01-22T13:00:00","subject":"Dimmision SPL kl 13-15","teachers":[156]}]]
["event",["end",{"end":"2015-01-22T13:55:00","groups":[],"id":89400,"locations":[],"start":"2015-01-22T13:00:00","subject":"Dimmision SPL kl 13-15","teachers":[37]}]]
["event",["end",{"end":"2015-01-22T13:55:00","groups":[],"id":89402,"locations":[],"start":"2015-01-22T13:00:00","subject":"Dimmision SPL kl 13-15","teachers":[25]}]]
["event",["end",{"end":"2015-01-22T13:55:00","groups":[],"id":89404,"locations":[],"start":"2015-01-22T13:00:00","subject":"Dimmision SPL kl 13-15","teachers":[157]}]]
["event",["end",{"end":"2015-01-22T13:55:00","groups":[],"id":89406,"locations":[],"start":"2015-01-22T13:00:00","subject":"Dimmision SPL kl 13-15","teachers":[212]}]]
["event",["end",{"end":"2015-01-22T13:55:00","groups":[],"id":89408,"locations":[],"start":"2015-01-22T13:00:00","subject":"Dimmision SPL kl 13-15","teachers":[215]}]]
["event",["end",{"end":"2015-01-22T13:55:00","groups":[393],"id":89584,"locations":["Teatersal C.024"],"start":"2015-01-22T13:00:00","subject":"Dimmision PMU kl 14:00 - 16:00","teachers":[]}]]
["event",["end",{"end":"2015-01-22T13:55:00","groups":[457],"id":98720,"locations":["C.208"],"start":"2015-01-22T13:00:00","subject":"Eksamen","teachers":[]}]]
["event",["end",{"end":"2015-01-22T13:55:00","groups":[511],"id":99419,"locations":[],"start":"2015-01-22T13:00:00","subject":"Eksamen","teachers":[]}]]
["event",["start",{"end":"2015-01-22T14:50:00","groups":[442],"id":100064,"locations":["Teatersal C.024"],"start":"2015-01-22T13:55:00","subject":"BDS forberede Dimission","teachers":[]}]]
["event",["start",{"end":"2015-01-22T14:50:00","groups":[487,488,489,484,485,491],"id":100357,"locations":[],"start":"2015-01-22T13:55:00","subject":"BA eksamen","teachers":[]}]]
["event",["start",{"end":"2015-01-22T14:50:00","groups":[517],"id":105985,"locations":["B.101"],"start":"2015-01-22T13:55:00","subject":"Eksamen","teachers":[]}]]
["event",["start",{"end":"2015-01-22T14:50:00","groups":[374],"id":112335,"locations":["Bevægelse 2"],"start":"2015-01-22T13:55:00","subject":"Modulprøve","teachers":[6]}]]
["event",["start",{"end":"2015-01-22T14:50:00","groups":[372],"id":112422,"locations":["Brikserum C.125"],"start":"2015-01-22T13:55:00","subject":"Modulprøve 2","teachers":[249]}]]
["event",["start",{"end":"2015-01-22T14:50:00","groups":[412,413],"id":113877,"locations":[],"start":"2015-01-22T13:55:00","subject":"Skrive opgave","teachers":[]}]]
["event",["start",{"end":"2015-01-22T14:50:00","groups":[390],"id":115405,"locations":[],"start":"2015-01-22T13:55:00","subject":"Studiedag","teachers":[]}]]
["event",["start",{"end":"2015-01-22T14:50:00","groups":[400],"id":116368,"locations":[],"start":"2015-01-22T13:55:00","subject":"Studiedag","teachers":[]}]]
["event",["start",{"end":"2015-01-22T14:50:00","groups":[392],"id":116877,"locations":[],"start":"2015-01-22T13:55:00","subject":"Studiedag","teachers":[]}]]
["event",["start",{"end":"2015-01-22T14:50:00","groups":[409,410],"id":122287,"locations":["C.226"],"start":"2015-01-22T13:55:00","subject":"Modulprøve 10","teachers":[33,34]}]]
["event",["start",{"end":"2015-01-22T14:50:00","groups":[422,423],"id":122626,"locations":["A.101","C.201","C.206"],"start":"2015-01-22T13:55:00","subject":"Trække M7 spørgsmål & Ekstern Prøve jf. oversigt","teachers":[32,21,37]}]]
["event",["start",{"end":"2015-01-22T14:50:00","groups":[405],"id":124836,"locations":[],"start":"2015-01-22T13:55:00","subject":"Ekstern modulprøve 3 (baseret på case trukket dagen i forvejen)","teachers":[36,22,35,25]}]]
["event",["start",{"end":"2015-01-22T14:50:00","groups":[378],"id":127962,"locations":["Brikserum C.129"],"start":"2015-01-22T13:55:00","subject":"Modulprøve fysioterapi","teachers":[56]}]]
["event",["start",{"end":"2015-01-22T14:50:00","groups":[529],"id":129066,"locations":["C.106"],"start":"2015-01-22T13:55:00","subject":"Køn - seksualitet og mangfoldighed","teachers":[128]}]]
["event",["start",{"end":"2015-01-22T14:50:00","groups":[393],"id":89585,"locations":["Teatersal C.024"],"start":"2015-01-22T13:55:00","subject":"Dimmision PMU kl 14:00 - 16:00","teachers":[]}]]
["event",["start",{"end":"2015-01-22T14:50:00","groups":[457],"id":98721,"locations":["C.208"],"start":"2015-01-22T13:55:00","subject":"Eksamen","teachers":[]}]]
["event",["start",{"end":"2015-01-22T14:50:00","groups":[511],"id":99420,"locations":[],"start":"2015-01-22T13:55:00","subject":"Eksamen","teachers":[]}]]
["event",["end",{"end":"2015-01-22T14:50:00","groups":[442],"id":100064,"locations":["Teatersal C.024"],"start":"2015-01-22T13:55:00","subject":"BDS forberede Dimission","teachers":[]}]]
["event",["end",{"end":"2015-01-22T14:50:00","groups":[487,488,489,484,485,491],"id":100357,"locations":[],"start":"2015-01-22T13:55:00","subject":"BA eksamen","teachers":[]}]]
["event",["end",{"end":"2015-01-22T14:50:00","groups":[517],"id":105985,"locations":["B.101"],"start":"2015-01-22T13:55:00","subject":"Eksamen","teachers":[]}]]
["event",["end",{"end":"2015-01-22T14:50:00","groups":[374],"id":112335,"locations":["Bevægelse 2"],"start":"2015-01-22T13:55:00","subject":"Modulprøve","teachers":[6]}]]
["event",["end",{"end":"2015-01-22T14:50:00","groups":[372],"id":112422,"locations":["Brikserum C.125"],"start":"2015-01-22T13:55:00","subject":"Modulprøve 2","teachers":[249]}]]
["event",["end",{"end":"2015-01-22T14:50:00","groups":[412,413],"id":113877,"locations":[],"start":"2015-01-22T13:55:00","subject":"Skrive opgave","teachers":[]}]]
["event",["end",{"end":"2015-01-22T14:50:00","groups":[390],"id":115405,"locations":[],"start":"2015-01-22T13:55:00","subject":"Studiedag","teachers":[]}]]
["event",["end",{"end":"2015-01-22T14:50:00","groups":[400],"id":116368,"locations":[],"start":"2015-01-22T13:55:00","subject":"Studiedag","teachers":[]}]]
["event",["end",{"end":"2015-01-22T14:50:00","groups":[392],"id":116877,"locations":[],"start":"2015-01-22T13:55:00","subject":"Studiedag","teachers":[]}]]
["event",["end",{"end":"2015-01-22T14:50:00","groups":[409,410],"id":122287,"locations":["C.226"],"start":"2015-01-22T13:55:00","subject":"Modulprøve 10","teachers":[33,34]}]]
["event",["end",{"end":"2015-01-22T14:50:00","groups":[422,423],"id":122626,"locations":["A.101","C.201","C.206"],"start":"2015-01-22T13:55:00","subject":"Trække M7 spørgsmål & Ekstern Prøve jf. oversigt","teachers":[32,21,37]}]]
["event",["end",{"end":"2015-01-22T14:50:00","groups":[405],"id":124836,"locations":[],"start":"2015-01-22T13:55:00","subject":"Ekstern modulprøve 3 (baseret på case trukket dagen i forvejen)","teachers":[36,22,35,25]}]]
["event",["end",{"end":"2015-01-22T14:50:00","groups":[378],"id":127962,"locations":["Brikserum C.129"],"start":"2015-01-22T13:55:00","subject":"Modulprøve fysioterapi","teachers":[56]}]]
["event",["end",{"end":"2015-01-22T14:50:00","groups":[529],"id":129066,"locations":["C.106"],"start":"2015-01-22T13:55:00","subject":"Køn - seksualitet og mangfoldighed","teachers":[128]}]]
["event",["end",{"end":"2015-01-22T14:50:00","groups":[393],"id":89585,"locations":["Teatersal C.024"],"start":"2015-01-22T13:55:00","subject":"Dimmision PMU kl 14:00 - 16:00","teachers":[]}]]
["event",["end",{"end":"2015-01-22T14:50:00","groups":[457],"id":98721,"locations":["C.208"],"start":"2015-01-22T13:55:00","subject":"Eksamen","teachers":[]}]]
["event",["end",{"end":"2015-01-22T14:50:00","groups":[511],"id":99420,"locations":[],"start":"2015-01-22T13:55:00","subject":"Eksamen","teachers":[]}]]
["event",["start",{"end":"2015-01-22T15:45:00","groups":[442],"id":100065,"locations":["Teatersal C.024"],"start":"2015-01-22T14:50:00","subject":"BDS forberede Dimission","teachers":[]}]]
["event",["start",{"end":"2015-01-22T15:45:00","groups":[487,488,489,484,485,491],"id":100358,"locations":[],"start":"2015-01-22T14:50:00","subject":"BA eksamen","teachers":[]}]]
["event",["start",{"end":"2015-01-22T15:45:00","groups":[517],"id":105986,"locations":["B.101"],"start":"2015-01-22T14:50:00","subject":"Eksamen","teachers":[]}]]
["event",["start",{"end":"2015-01-22T15:45:00","groups":[374],"id":112336,"locations":["Bevægelse 2"],"start":"2015-01-22T14:50:00","subject":"Modulprøve","teachers":[6]}]]
["event",["start",{"end":"2015-01-22T15:45:00","groups":[372],"id":112423,"locations":["Brikserum C.125"],"start":"2015-01-22T14:50:00","subject":"Modulprøve 2","teachers":[249]}]]
["event",["start",{"end":"2015-01-22T15:45:00","groups":[412,413],"id":113878,"locations":[],"start":"2015-01-22T14:50:00","subject":"Skrive opgave","teachers":[]}]]
["event",["start",{"end":"2015-01-22T15:45:00","groups":[390],"id":115406,"locations":[],"start":"2015-01-22T14:50:00","subject":"Studiedag","teachers":[]}]]
["event",["start",{"end":"2015-01-22T15:45:00","groups":[400],"id":116369,"locations":[],"start":"2015-01-22T14:50:00","subject":"Studiedag","teachers":[]}]]
["event",["start",{"end":"2015-01-22T15:45:00","groups":[392],"id":116878,"locations":[],"start":"2015-01-22T14:50:00","subject":"Studiedag","teachers":[]}]]
["event",["start",{"end":"2015-01-22T15:45:00","groups":[409,410],"id":122288,"locations":["C.226"],"start":"2015-01-22T14:50:00","subject":"Modulprøve 10","teachers":[33,34]}]]
["event",["start",{"end":"2015-01-22T15:45:00","groups":[422,423],"id":122627,"locations":["A.101","C.201","C.206"],"start":"2015-01-22T14:50:00","subject":"Trække M7 spørgsmål & Ekstern Prøve jf. oversigt","teachers":[32,21,37]}]]
["event",["start",{"end":"2015-01-22T15:45:00","groups":[405],"id":124837,"locations":[],"start":"2015-01-22T14:50:00","subject":"Ekstern modulprøve 3 (baseret på case trukket dagen i forvejen)","teachers":[36,22,35,25]}]]
["event",["start",{"end":"2015-01-22T15:45:00","groups":[378],"id":127963,"locations":["Brikserum C.129"],"start":"2015-01-22T14:50:00","subject":"Modulprøve fysioterapi","teachers":[56]}]]
["event",["start",{"end":"2015-01-22T15:45:00","groups":[457],"id":98722,"locations":["C.208"],"start":"2015-01-22T14:50:00","subject":"Eksamen","teachers":[]}]]
["event",["start",{"end":"2015-01-22T15:45:00","groups":[511],"id":99421,"locations":[],"start":"2015-01-22T14:50:00","subject":"Eksamen","teachers":[]}]]
["event",["end",{"end":"2015-01-22T15:45:00","groups":[442],"id":100065,"locations":["Teatersal C.024"],"start":"2015-01-22T14:50:00","subject":"BDS forberede Dimission","teachers":[]}]]
["event",["end",{"end":"2015-01-22T15:45:00","groups":[487,488,489,484,485,491],"id":100358,"locations":[],"start":"2015-01-22T14:50:00","subject":"BA eksamen","teachers":[]}]]
["event",["end",{"end":"2015-01-22T15:45:00","groups":[517],"id":105986,"locations":["B.101"],"start":"2015-01-22T14:50:00","subject":"Eksamen","teachers":[]}]]
["event",["end",{"end":"2015-01-22T15:45:00","groups":[374],"id":112336,"locations":["Bevægelse 2"],"start":"2015-01-22T14:50:00","subject":"Modulprøve","teachers":[6]}]]
["event",["end",{"end":"2015-01-22T15:45:00","groups":[372],"id":112423,"locations":["Brikserum C.125"],"start":"2015-01-22T14:50:00","subject":"Modulprøve 2","teachers":[249]}]]
["event",["end",{"end":"2015-01-22T15:45:00","groups":[412,413],"id":113878,"locations":[],"start":"2015-01-22T14:50:00","subject":"Skrive opgave","teachers":[]}]]
["event",["end",{"end":"2015-01-22T15:45:00","groups":[390],"id":115406,"locations":[],"start":"2015-01-22T14:50:00","subject":"Studiedag","teachers":[]}]]
["event",["end",{"end":"2015-01-22T15:45:00","groups":[400],"id":116369,"locations":[],"start":"2015-01-22T14:50:00","subject":"Studiedag","teachers":[]}]]
["event",["end",{"end":"2015-01-22T15:45:00","groups":[392],"id":116878,"locations":[],"start":"2015-01-22T14:50:00","subject":"Studiedag","teachers":[]}]]
["event",["end",{"end":"2015-01-22T15:45:00","groups":[409,410],"id":122288,"locations":["C.226"],"start":"2015-01-22T14:50:00","subject":"Modulprøve 10","teachers":[33,34]}]]
["event",["end",{"end":"2015-01-22T15:45:00","groups":[422,423],"id":122627,"locations":["A.101","C.201","C.206"],"start":"2015-01-22T14:50:00","subject":"Trække M7 spørgsmål & Ekstern Prøve jf. oversigt","teachers":[32,21,37]}]]
["event",["end",{"end":"2015-01-22T15:45:00","groups":[405],"id":124837,"locations":[],"start":"2015-01-22T14:50:00","subject":"Ekstern modulprøve 3 (baseret på case trukket dagen i forvejen)","teachers":[36,22,35,25]}]]
["event",["end",{"end":"2015-01-22T15:45:00","groups":[378],"id":127963,"locations":["Brikserum C.129"],"start":"2015-01-22T14:50:00","subject":"Modulprøve fysioterapi","teachers":[56]}]]
["event",["end",{"end":"2015-01-22T15:45:00","groups":[457],"id":98722,"locations":["C.208"],"start":"2015-01-22T14:50:00","subject":"Eksamen","teachers":[]}]]
["event",["end",{"end":"2015-01-22T15:45:00","groups":[511],"id":99421,"locations":[],"start":"2015-01-22T14:50:00","subject":"Eksamen","teachers":[]}]]
["event",["start",{"end":"2015-01-22T16:30:00","groups":[442],"id":100066,"locations":["Teatersal C.024"],"start":"2015-01-22T15:45:00","subject":"BDS forberede Dimission","teachers":[]}]]
["event",["start",{"end":"2015-01-22T16:30:00","groups":[487,488,489,484,485,491],"id":100359,"locations":[],"start":"2015-01-22T15:45:00","subject":"BA eksamen","teachers":[]}]]
["event",["start",{"end":"2015-01-22T16:30:00","groups":[517],"id":105987,"locations":["B.101"],"start":"2015-01-22T15:45:00","subject":"Eksamen","teachers":[]}]]
["event",["start",{"end":"2015-01-22T16:30:00","groups":[374],"id":112337,"locations":["Bevægelse 2"],"start":"2015-01-22T15:45:00","subject":"Modulprøve","teachers":[6]}]]
["event",["start",{"end":"2015-01-22T16:30:00","groups":[372],"id":112424,"locations":["Brikserum C.125"],"start":"2015-01-22T15:45:00","subject":"Modulprøve 2","teachers":[249]}]]
["event",["start",{"end":"2015-01-22T16:30:00","groups":[412,413],"id":113879,"locations":[],"start":"2015-01-22T15:45:00","subject":"Skrive opgave","teachers":[]}]]
["event",["start",{"end":"2015-01-22T16:30:00","groups":[390],"id":115407,"locations":[],"start":"2015-01-22T15:45:00","subject":"Studiedag","teachers":[]}]]
["event",["start",{"end":"2015-01-22T16:30:00","groups":[400],"id":116370,"locations":[],"start":"2015-01-22T15:45:00","subject":"Studiedag","teachers":[]}]]
["event",["start",{"end":"2015-01-22T16:30:00","groups":[392],"id":116879,"locations":[],"start":"2015-01-22T15:45:00","subject":"Studiedag","teachers":[]}]]
["event",["start",{"end":"2015-01-22T16:30:00","groups":[409,410],"id":122289,"locations":["C.226"],"start":"2015-01-22T15:45:00","subject":"Modulprøve 10","teachers":[33,34]}]]
["event",["start",{"end":"2015-01-22T16:30:00","groups":[422,423],"id":122628,"locations":["A.101","C.201","C.206"],"start":"2015-01-22T15:45:00","subject":"Trække M7 spørgsmål & Ekstern Prøve jf. oversigt","teachers":[32,21,37]}]]
["event",["start",{"end":"2015-01-22T16:30:00","groups":[405],"id":124838,"locations":[],"start":"2015-01-22T15:45:00","subject":"Ekstern modulprøve 3 (baseret på case trukket dagen i forvejen)","teachers":[36,22,35,25]}]]
["event",["start",{"end":"2015-01-22T16:30:00","groups":[378],"id":127964,"locations":["Brikserum C.129"],"start":"2015-01-22T15:45:00","subject":"Modulprøve fysioterapi","teachers":[56]}]]
["event",["start",{"end":"2015-01-22T16:30:00","groups":[457],"id":98723,"locations":["C.208"],"start":"2015-01-22T15:45:00","subject":"Eksamen","teachers":[]}]]
["event",["start",{"end":"2015-01-22T16:30:00","groups":[511],"id":99422,"locations":[],"start":"2015-01-22T15:45:00","subject":"Eksamen","teachers":[]}]]
["event",["end",{"end":"2015-01-22T16:30:00","groups":[442],"id":100066,"locations":["Teatersal C.024"],"start":"2015-01-22T15:45:00","subject":"BDS forberede Dimission","teachers":[]}]]
["event",["end",{"end":"2015-01-22T16:30:00","groups":[487,488,489,484,485,491],"id":100359,"locations":[],"start":"2015-01-22T15:45:00","subject":"BA eksamen","teachers":[]}]]
["event",["end",{"end":"2015-01-22T16:30:00","groups":[517],"id":105987,"locations":["B.101"],"start":"2015-01-22T15:45:00","subject":"Eksamen","teachers":[]}]]
["event",["end",{"end":"2015-01-22T16:30:00","groups":[374],"id":112337,"locations":["Bevægelse 2"],"start":"2015-01-22T15:45:00","subject":"Modulprøve","teachers":[6]}]]
["event",["end",{"end":"2015-01-22T16:30:00","groups":[372],"id":112424,"locations":["Brikserum C.125"],"start":"2015-01-22T15:45:00","subject":"Modulprøve 2","teachers":[249]}]]
["event",["end",{"end":"2015-01-22T16:30:00","groups":[412,413],"id":113879,"locations":[],"start":"2015-01-22T15:45:00","subject":"Skrive opgave","teachers":[]}]]
["event",["end",{"end":"2015-01-22T16:30:00","groups":[390],"id":115407,"locations":[],"start":"2015-01-22T15:45:00","subject":"Studiedag","teachers":[]}]]
["event",["end",{"end":"2015-01-22T16:30:00","groups":[400],"id":116370,"locations":[],"start":"2015-01-22T15:45:00","subject":"Studiedag","teachers":[]}]]
["event",["end",{"end":"2015-01-22T16:30:00","groups":[392],"id":116879,"locations":[],"start":"2015-01-22T15:45:00","subject":"Studiedag","teachers":[]}]]
["event",["end",{"end":"2015-01-22T16:30:00","groups":[409,410],"id":122289,"locations":["C.226"],"start":"2015-01-22T15:45:00","subject":"Modulprøve 10","teachers":[33,34]}]]
["event",["end",{"end":"2015-01-22T16:30:00","groups":[422,423],"id":122628,"locations":["A.101","C.201","C.206"],"start":"2015-01-22T15:45:00","subject":"Trække M7 spørgsmål & Ekstern Prøve jf. oversigt","teachers":[32,21,37]}]]
["event",["end",{"end":"2015-01-22T16:30:00","groups":[405],"id":124838,"locations":[],"start":"2015-01-22T15:45:00","subject":"Ekstern modulprøve 3 (baseret på case trukket dagen i forvejen)","teachers":[36,22,35,25]}]]
["event",["end",{"end":"2015-01-22T16:30:00","groups":[378],"id":127964,"locations":["Brikserum C.129"],"start":"2015-01-22T15:45:00","subject":"Modulprøve fysioterapi","teachers":[56]}]]
["event",["end",{"end":"2015-01-22T16:30:00","groups":[457],"id":98723,"locations":["C.208"],"start":"2015-01-22T15:45:00","subject":"Eksamen","teachers":[]}]]
["event",["end",{"end":"2015-01-22T16:30:00","groups":[511],"id":99422,"locations":[],"start":"2015-01-22T15:45:00","subject":"Eksamen","teachers":[]}]]
["event",["start",{"end":"2015-01-22T19:15:00","groups":[442],"id":100067,"locations":["Teatersal C.024"],"start":"2015-01-22T16:30:00","subject":"BDS forberede Dimission","teachers":[]}]]
["event",["start",{"end":"2015-01-22T19:15:00","groups":[487,488,489,484,485,491],"id":100360,"locations":[],"start":"2015-01-22T16:30:00","subject":"BA eksamen","teachers":[]}]]
["event",["start",{"end":"2015-01-22T19:15:00","groups":[517],"id":105988,"locations":["B.101"],"start":"2015-01-22T16:30:00","subject":"Eksamen","teachers":[]}]]
["event",["start",{"end":"2015-01-22T19:15:00","groups":[457],"id":98724,"locations":["C.208"],"start":"2015-01-22T16:30:00","subject":"Eksamen","teachers":[]}]]
["event",["start",{"end":"2015-01-22T19:15:00","groups":[511],"id":99423,"locations":[],"start":"2015-01-22T16:30:00","subject":"Eksamen","teachers":[]}]]
["testDone"]
