"event"
"event"
"event"
"event"
"event"
"event"
"event"
"event"
"event"
"event"
"event"
"event"
"event"
"event"
"event"
"event"
"event"
"event"
"event"
"event"
"event"
"event"
"event"
"event"
"event"
"event"
"event"
"event"
"event"
"event"
"event"
"event"
"event"
"event"
"event"
"event"
"event"
"event"
"event"
"event"
"event"
"event"
"event"
"event"
"event"
"event"
"event"
"event"
"event"
"event"
"event"
"event"
"event"
"event"
"event"
"event"
"event"
"event"
"event"
"event"
"event"
"event"
"event"
"event"
"event"
"event"
"event"
"event"
"event"
"event"
"event"
"event"
"event"
"event"
"event"
"event"
"event"
"event"
"event"
"event"
"event"
"event"
"event"
"event"
"event"
"event"
"event"
"event"
"event"
"event"
"event"
"event"
"event"
"event"
"event"
"event"
"event"
"event"
"event"
"event"
"event"
"event"
"event"
"event"
"event"
"event"
"event"
"event"
"event"
"event"
"event"
"event"
"event"
"event"
"event"
"event"
"event"
"event"
"event"
"event"
"event"
"event"
"event"
"event"
"event"
"event"
"event"
"event"
"event"
"event"
"event"
"event"
"event"
"event"
"event"
"event"
"event"
"event"
"event"
"event"
"event"
"event"
"event"
"event"
"event"
"event"
"event"
"event"
"event"
"event"
"event"
"event"
"event"
"event"
"event"
"event"
"event"
"event"
"event"
"event"
"event"
"event"
"event"
"event"
"event"
"event"
"event"
"event"
"event"
"event"
"event"
"event"
"event"
"event"
"event"
"event"
"event"
"event"
"event"
"event"
"event"
"event"
"event"
"event"
"event"
"event"
"event"
"event"
"event"
"event"
"event"
"event"
"event"
"event"
"event"
"event"
"event"
"event"
"event"
"event"
"event"
"event"
"event"
"event"
"event"
"event"
"event"
"event"
"event"
"event"
"event"
"event"
"event"
"event"
"event"
"event"
"event"
"event"
"event"
"event"
"event"
"event"
"event"
"event"
"event"
"event"
"event"
"event"
"event"
"event"
"event"
"event"
"event"
"event"
"event"
"event"
"event"
"event"
"event"
"event"
"event"
"event"
"event"
"event"
"event"
"event"
"event"
"event"
"event"
"event"
"event"
"event"
"event"
"event"
"event"
"event"
"event"
"event"
"event"
"event"
"event"
"event"
"event"
"event"
"event"
"event"
"event"
"event"
"event"
"event"
"event"
"event"
"event"
"event"
"event"
"event"
"event"
"event"
"event"
"event"
"event"
"event"
"event"
"event"
"event"
"event"
"event"
"event"
"event"
"event"
"event"
"event"
"event"
"event"
"event"
"event"
"event"
"event"
"event"
"event"
"event"
"event"
"event"
"event"
"event"
"event"
"event"
"event"
"event"
"event"
"event"
"event"
"event"
"event"
"event"
"event"
"event"
"event"
"event"
"event"
"event"
"event"
"event"
"event"
"event"
"event"
"event"
"event"
"event"
"event"
"event"
"event"
"event"
"event"
"event"
"event"
"event"
"event"
"event"
"event"
"event"
"event"
"event"
"event"
"event"
"event"
"event"
"event"
"event"
"event"
"event"
"event"
"event"
"event"
"event"
"event"
"event"
"event"
"event"
"event"
"event"
"event"
"event"
"event"
"event"
"event"
"event"
"event"
"event"
"event"
"event"
"event"
"event"
"event"
"event"
"event"
"event"
"event"
"event"
"event"
"event"
"event"
"event"
"event"
"event"
"event"
"event"
"event"
"event"
"event"
